Archive member included to satisfy reference by file (symbol)

C:/ST/STM32CubeIDE_1.17.0/STM32CubeIDE/plugins/com.st.stm32cube.ide.mcu.externaltools.gnu-tools-for-stm32.12.3.rel1.win32_1.1.0.202410251130/tools/bin/../lib/gcc/arm-none-eabi/12.3.1/../../../../arm-none-eabi/lib/thumb/v7-m/nofp\libm.a(libm_a-sf_cos.o)
                              libraries\stm32-ssd1306\ssd1306\ssd1306.o (cosf)
C:/ST/STM32CubeIDE_1.17.0/STM32CubeIDE/plugins/com.st.stm32cube.ide.mcu.externaltools.gnu-tools-for-stm32.12.3.rel1.win32_1.1.0.202410251130/tools/bin/../lib/gcc/arm-none-eabi/12.3.1/../../../../arm-none-eabi/lib/thumb/v7-m/nofp\libm.a(libm_a-sf_sin.o)
                              libraries\stm32-ssd1306\ssd1306\ssd1306.o (sinf)
C:/ST/STM32CubeIDE_1.17.0/STM32CubeIDE/plugins/com.st.stm32cube.ide.mcu.externaltools.gnu-tools-for-stm32.12.3.rel1.win32_1.1.0.202410251130/tools/bin/../lib/gcc/arm-none-eabi/12.3.1/../../../../arm-none-eabi/lib/thumb/v7-m/nofp\libm.a(libm_a-kf_cos.o)
                              C:/ST/STM32CubeIDE_1.17.0/STM32CubeIDE/plugins/com.st.stm32cube.ide.mcu.externaltools.gnu-tools-for-stm32.12.3.rel1.win32_1.1.0.202410251130/tools/bin/../lib/gcc/arm-none-eabi/12.3.1/../../../../arm-none-eabi/lib/thumb/v7-m/nofp\libm.a(libm_a-sf_cos.o) (__kernel_cosf)
C:/ST/STM32CubeIDE_1.17.0/STM32CubeIDE/plugins/com.st.stm32cube.ide.mcu.externaltools.gnu-tools-for-stm32.12.3.rel1.win32_1.1.0.202410251130/tools/bin/../lib/gcc/arm-none-eabi/12.3.1/../../../../arm-none-eabi/lib/thumb/v7-m/nofp\libm.a(libm_a-kf_sin.o)
                              C:/ST/STM32CubeIDE_1.17.0/STM32CubeIDE/plugins/com.st.stm32cube.ide.mcu.externaltools.gnu-tools-for-stm32.12.3.rel1.win32_1.1.0.202410251130/tools/bin/../lib/gcc/arm-none-eabi/12.3.1/../../../../arm-none-eabi/lib/thumb/v7-m/nofp\libm.a(libm_a-sf_cos.o) (__kernel_sinf)
C:/ST/STM32CubeIDE_1.17.0/STM32CubeIDE/plugins/com.st.stm32cube.ide.mcu.externaltools.gnu-tools-for-stm32.12.3.rel1.win32_1.1.0.202410251130/tools/bin/../lib/gcc/arm-none-eabi/12.3.1/../../../../arm-none-eabi/lib/thumb/v7-m/nofp\libm.a(libm_a-ef_rem_pio2.o)
                              C:/ST/STM32CubeIDE_1.17.0/STM32CubeIDE/plugins/com.st.stm32cube.ide.mcu.externaltools.gnu-tools-for-stm32.12.3.rel1.win32_1.1.0.202410251130/tools/bin/../lib/gcc/arm-none-eabi/12.3.1/../../../../arm-none-eabi/lib/thumb/v7-m/nofp\libm.a(libm_a-sf_cos.o) (__ieee754_rem_pio2f)
C:/ST/STM32CubeIDE_1.17.0/STM32CubeIDE/plugins/com.st.stm32cube.ide.mcu.externaltools.gnu-tools-for-stm32.12.3.rel1.win32_1.1.0.202410251130/tools/bin/../lib/gcc/arm-none-eabi/12.3.1/../../../../arm-none-eabi/lib/thumb/v7-m/nofp\libm.a(libm_a-sf_fabs.o)
                              C:/ST/STM32CubeIDE_1.17.0/STM32CubeIDE/plugins/com.st.stm32cube.ide.mcu.externaltools.gnu-tools-for-stm32.12.3.rel1.win32_1.1.0.202410251130/tools/bin/../lib/gcc/arm-none-eabi/12.3.1/../../../../arm-none-eabi/lib/thumb/v7-m/nofp\libm.a(libm_a-ef_rem_pio2.o) (fabsf)
C:/ST/STM32CubeIDE_1.17.0/STM32CubeIDE/plugins/com.st.stm32cube.ide.mcu.externaltools.gnu-tools-for-stm32.12.3.rel1.win32_1.1.0.202410251130/tools/bin/../lib/gcc/arm-none-eabi/12.3.1/../../../../arm-none-eabi/lib/thumb/v7-m/nofp\libm.a(libm_a-kf_rem_pio2.o)
                              C:/ST/STM32CubeIDE_1.17.0/STM32CubeIDE/plugins/com.st.stm32cube.ide.mcu.externaltools.gnu-tools-for-stm32.12.3.rel1.win32_1.1.0.202410251130/tools/bin/../lib/gcc/arm-none-eabi/12.3.1/../../../../arm-none-eabi/lib/thumb/v7-m/nofp\libm.a(libm_a-ef_rem_pio2.o) (__kernel_rem_pio2f)
C:/ST/STM32CubeIDE_1.17.0/STM32CubeIDE/plugins/com.st.stm32cube.ide.mcu.externaltools.gnu-tools-for-stm32.12.3.rel1.win32_1.1.0.202410251130/tools/bin/../lib/gcc/arm-none-eabi/12.3.1/../../../../arm-none-eabi/lib/thumb/v7-m/nofp\libm.a(libm_a-sf_scalbn.o)
                              C:/ST/STM32CubeIDE_1.17.0/STM32CubeIDE/plugins/com.st.stm32cube.ide.mcu.externaltools.gnu-tools-for-stm32.12.3.rel1.win32_1.1.0.202410251130/tools/bin/../lib/gcc/arm-none-eabi/12.3.1/../../../../arm-none-eabi/lib/thumb/v7-m/nofp\libm.a(libm_a-kf_rem_pio2.o) (scalbnf)
C:/ST/STM32CubeIDE_1.17.0/STM32CubeIDE/plugins/com.st.stm32cube.ide.mcu.externaltools.gnu-tools-for-stm32.12.3.rel1.win32_1.1.0.202410251130/tools/bin/../lib/gcc/arm-none-eabi/12.3.1/../../../../arm-none-eabi/lib/thumb/v7-m/nofp\libm.a(libm_a-sf_floor.o)
                              C:/ST/STM32CubeIDE_1.17.0/STM32CubeIDE/plugins/com.st.stm32cube.ide.mcu.externaltools.gnu-tools-for-stm32.12.3.rel1.win32_1.1.0.202410251130/tools/bin/../lib/gcc/arm-none-eabi/12.3.1/../../../../arm-none-eabi/lib/thumb/v7-m/nofp\libm.a(libm_a-kf_rem_pio2.o) (floorf)
C:/ST/STM32CubeIDE_1.17.0/STM32CubeIDE/plugins/com.st.stm32cube.ide.mcu.externaltools.gnu-tools-for-stm32.12.3.rel1.win32_1.1.0.202410251130/tools/bin/../lib/gcc/arm-none-eabi/12.3.1/../../../../arm-none-eabi/lib/thumb/v7-m/nofp\libc_nano.a(libc_a-exit.o)
[...]
Memory Configuration

Name             Origin             Length             Attributes
RAM              0x20000000         0x00005000         xrw
FLASH            0x08000000         0x00010000         xr
*default*        0x00000000         0xffffffff

Linker script and memory map

LOAD C:/ST/STM32CubeIDE_1.17.0/STM32CubeIDE/plugins/com.st.stm32cube.ide.mcu.externaltools.gnu-tools-for-stm32.12.3.rel1.win32_1.1.0.202410251130/tools/bin/../lib/gcc/arm-none-eabi/12.3.1/thumb/v7-m/nofp/crti.o
LOAD C:/ST/STM32CubeIDE_1.17.0/STM32CubeIDE/plugins/com.st.stm32cube.ide.mcu.externaltools.gnu-tools-for-stm32.12.3.rel1.win32_1.1.0.202410251130/tools/bin/../lib/gcc/arm-none-eabi/12.3.1/thumb/v7-m/nofp/crtbegin.o
LOAD C:/ST/STM32CubeIDE_1.17.0/STM32CubeIDE/plugins/com.st.stm32cube.ide.mcu.externaltools.gnu-tools-for-stm32.12.3.rel1.win32_1.1.0.202410251130/tools/bin/../lib/gcc/arm-none-eabi/12.3.1/../../../../arm-none-eabi/lib/thumb/v7-m/nofp/crt0.o
LOAD Core\Src\main.o
LOAD Core\Src\stm32f1xx_hal_msp.o
LOAD Core\Src\stm32f1xx_it.o
LOAD Core\Src\syscalls.o
LOAD Core\Src\sysmem.o
LOAD Core\Src\system_stm32f1xx.o
LOAD Core\Startup\startup_stm32f103c8tx.o
LOAD Drivers\STM32F1xx_HAL_Driver\Src\stm32f1xx_hal.o
LOAD Drivers\STM32F1xx_HAL_Driver\Src\stm32f1xx_hal_cortex.o
LOAD Drivers\STM32F1xx_HAL_Driver\Src\stm32f1xx_hal_dma.o
LOAD Drivers\STM32F1xx_HAL_Driver\Src\stm32f1xx_hal_exti.o
LOAD Drivers\STM32F1xx_HAL_Driver\Src\stm32f1xx_hal_flash.o
LOAD Drivers\STM32F1xx_HAL_Driver\Src\stm32f1xx_hal_flash_ex.o
LOAD Drivers\STM32F1xx_HAL_Driver\Src\stm32f1xx_hal_gpio.o
LOAD Drivers\STM32F1xx_HAL_Driver\Src\stm32f1xx_hal_gpio_ex.o
LOAD Drivers\STM32F1xx_HAL_Driver\Src\stm32f1xx_hal_i2c.o
LOAD Drivers\STM32F1xx_HAL_Driver\Src\stm32f1xx_hal_pwr.o
LOAD Drivers\STM32F1xx_HAL_Driver\Src\stm32f1xx_hal_rcc.o
LOAD Drivers\STM32F1xx_HAL_Driver\Src\stm32f1xx_hal_rcc_ex.o
LOAD Drivers\STM32F1xx_HAL_Driver\Src\stm32f1xx_hal_spi.o
LOAD Drivers\STM32F1xx_HAL_Driver\Src\stm32f1xx_hal_uart.o
LOAD libraries\stm32-ssd1306\ssd1306\ssd1306.o
LOAD libraries\stm32-ssd1306\ssd1306\ssd1306_fonts.o
LOAD libraries\stm32-ssd1306\ssd1306\ssd1306_tests.o
START GROUP
LOAD C:/ST/STM32CubeIDE_1.17.0/STM32CubeIDE/plugins/com.st.stm32cube.ide.mcu.externaltools.gnu-tools-for-stm32.12.3.rel1.win32_1.1.0.202410251130/tools/bin/../lib/gcc/arm-none-eabi/12.3.1/../../../../arm-none-eabi/lib/thumb/v7-m/nofp\libstdc++_nano.a
LOAD C:/ST/STM32CubeIDE_1.17.0/STM32CubeIDE/plugins/com.st.stm32cube.ide.mcu.externaltools.gnu-tools-for-stm32.12.3.rel1.win32_1.1.0.202410251130/tools/bin/../lib/gcc/arm-none-eabi/12.3.1/../../../../arm-none-eabi/lib/thumb/v7-m/nofp\libsupc++_nano.a
END GROUP
LOAD C:/ST/STM32CubeIDE_1.17.0/STM32CubeIDE/plugins/com.st.stm32cube.ide.mcu.externaltools.gnu-tools-for-stm32.12.3.rel1.win32_1.1.0.202410251130/tools/bin/../lib/gcc/arm-none-eabi/12.3.1/../../../../arm-none-eabi/lib/thumb/v7-m/nofp\libstdc++_nano.a
LOAD C:/ST/STM32CubeIDE_1.17.0/STM32CubeIDE/plugins/com.st.stm32cube.ide.mcu.externaltools.gnu-tools-for-stm32.12.3.rel1.win32_1.1.0.202410251130/tools/bin/../lib/gcc/arm-none-eabi/12.3.1/../../../../arm-none-eabi/lib/thumb/v7-m/nofp\libm.a
LOAD C:/ST/STM32CubeIDE_1.17.0/STM32CubeIDE/plugins/com.st.stm32cube.ide.mcu.externaltools.gnu-tools-for-stm32.12.3.rel1.win32_1.1.0.202410251130/tools/bin/../lib/gcc/arm-none-eabi/12.3.1/../../../../arm-none-eabi/lib/thumb/v7-m/nofp\libc_nano.a
START GROUP
LOAD C:/ST/STM32CubeIDE_1.17.0/STM32CubeIDE/plugins/com.st.stm32cube.ide.mcu.externaltools.gnu-tools-for-stm32.12.3.rel1.win32_1.1.0.202410251130/tools/bin/../lib/gcc/arm-none-eabi/12.3.1/thumb/v7-m/nofp\libgcc.a
LOAD C:/ST/STM32CubeIDE_1.17.0/STM32CubeIDE/plugins/com.st.stm32cube.ide.mcu.externaltools.gnu-tools-for-stm32.12.3.rel1.win32_1.1.0.202410251130/tools/bin/../lib/gcc/arm-none-eabi/12.3.1/../../../../arm-none-eabi/lib/thumb/v7-m/nofp\libc_nano.a
END GROUP
START GROUP
LOAD C:/ST/STM32CubeIDE_1.17.0/STM32CubeIDE/plugins/com.st.stm32cube.ide.mcu.externaltools.gnu-tools-for-stm32.12.3.rel1.win32_1.1.0.202410251130/tools/bin/../lib/gcc/arm-none-eabi/12.3.1/thumb/v7-m/nofp\libgcc.a
LOAD C:/ST/STM32CubeIDE_1.17.0/STM32CubeIDE/plugins/com.st.stm32cube.ide.mcu.externaltools.gnu-tools-for-stm32.12.3.rel1.win32_1.1.0.202410251130/tools/bin/../lib/gcc/arm-none-eabi/12.3.1/../../../../arm-none-eabi/lib/thumb/v7-m/nofp\libc_nano.a
LOAD C:/ST/STM32CubeIDE_1.17.0/STM32CubeIDE/plugins/com.st.stm32cube.ide.mcu.externaltools.gnu-tools-for-stm32.12.3.rel1.win32_1.1.0.202410251130/tools/bin/../lib/gcc/arm-none-eabi/12.3.1/../../../../arm-none-eabi/lib/thumb/v7-m/nofp\libnosys.a
END GROUP
START GROUP
LOAD C:/ST/STM32CubeIDE_1.17.0/STM32CubeIDE/plugins/com.st.stm32cube.ide.mcu.externaltools.gnu-tools-for-stm32.12.3.rel1.win32_1.1.0.202410251130/tools/bin/../lib/gcc/arm-none-eabi/12.3.1/thumb/v7-m/nofp\libgcc.a
LOAD C:/ST/STM32CubeIDE_1.17.0/STM32CubeIDE/plugins/com.st.stm32cube.ide.mcu.externaltools.gnu-tools-for-stm32.12.3.rel1.win32_1.1.0.202410251130/tools/bin/../lib/gcc/arm-none-eabi/12.3.1/../../../../arm-none-eabi/lib/thumb/v7-m/nofp\libc_nano.a
LOAD C:/ST/STM32CubeIDE_1.17.0/STM32CubeIDE/plugins/com.st.stm32cube.ide.mcu.externaltools.gnu-tools-for-stm32.12.3.rel1.win32_1.1.0.202410251130/tools/bin/../lib/gcc/arm-none-eabi/12.3.1/../../../../arm-none-eabi/lib/thumb/v7-m/nofp\libnosys.a
END GROUP
LOAD C:/ST/STM32CubeIDE_1.17.0/STM32CubeIDE/plugins/com.st.stm32cube.ide.mcu.externaltools.gnu-tools-for-stm32.12.3.rel1.win32_1.1.0.202410251130/tools/bin/../lib/gcc/arm-none-eabi/12.3.1/thumb/v7-m/nofp/crtend.o
LOAD C:/ST/STM32CubeIDE_1.17.0/STM32CubeIDE/plugins/com.st.stm32cube.ide.mcu.externaltools.gnu-tools-for-stm32.12.3.rel1.win32_1.1.0.202410251130/tools/bin/../lib/gcc/arm-none-eabi/12.3.1/thumb/v7-m/nofp/crtn.o
                0x20005000                        _estack = (ORIGIN (RAM) + LENGTH (RAM))
                0x00000200                        _Min_Heap_Size = 0x200
                0x00000400                        _Min_Stack_Size = 0x400

.isr_vector     0x08000000      0x10c
                0x08000000                        . = ALIGN (0x4)
 *(.isr_vector)
 .isr_vector    0x08000000      0x10c Core\Startup\startup_stm32f103c8tx.o
                0x08000000                g_pfnVectors
                0x0800010c                        . = ALIGN (0x4)

.text           0x0800010c     0x5a50
                0x0800010c                        . = ALIGN (0x4)
 *(.text)
 .text          0x0800010c       0x40 C:/ST/STM32CubeIDE_1.17.0/STM32CubeIDE/plugins/com.st.stm32cube.ide.mcu.externaltools.gnu-tools-for-stm32.12.3.rel1.win32_1.1.0.202410251130/tools/bin/../lib/gcc/arm-none-eabi/12.3.1/thumb/v7-m/nofp/crtbegin.o
 .text          0x0800014c      0x378 C:/ST/STM32CubeIDE_1.17.0/STM32CubeIDE/plugins/com.st.stm32cube.ide.mcu.externaltools.gnu-tools-for-stm32.12.3.rel1.win32_1.1.0.202410251130/tools/bin/../lib/gcc/arm-none-eabi/12.3.1/thumb/v7-m/nofp\libgcc.a(_arm_addsubdf3.o)
                0x0800014c                __aeabi_drsub
                0x08000154                __aeabi_dsub
                0x08000154                __subdf3
                0x08000158                __aeabi_dadd
                0x08000158                __adddf3
                0x080003d0                __floatunsidf
                0x080003d0                __aeabi_ui2d
                0x080003f0                __floatsidf
                0x080003f0                __aeabi_i2d
                0x08000414                __aeabi_f2d
                0x08000414                __extendsfdf2
                0x08000458                __floatundidf
                0x08000458                __aeabi_ul2d
                0x08000468                __floatdidf
                0x08000468                __aeabi_l2d
 .text          0x080004c4      0x424 C:/ST/STM32CubeIDE_1.17.0/STM32CubeIDE/plugins/com.st.stm32cube.ide.mcu.externaltools.gnu-tools-for-stm32.12.3.rel1.win32_1.1.0.202410251130/tools/bin/../lib/gcc/arm-none-eabi/12.3.1/thumb/v7-m/nofp\libgcc.a(_arm_muldivdf3.o)
                0x080004c4                __aeabi_dmul
                0x080004c4                __muldf3
                0x08000718                __divdf3
                0x08000718                __aeabi_ddiv
 .text          0x080008e8       0x50 C:/ST/STM32CubeIDE_1.17.0/STM32CubeIDE/plugins/com.st.stm32cube.ide.mcu.externaltools.gnu-tools-for-stm32.12.3.rel1.win32_1.1.0.202410251130/tools/bin/../lib/gcc/arm-none-eabi/12.3.1/thumb/v7-m/nofp\libgcc.a(_arm_fixdfsi.o)
                0x080008e8                __aeabi_d2iz
                0x080008e8                __fixdfsi
 .text          0x08000938      0x21c C:/ST/STM32CubeIDE_1.17.0/STM32CubeIDE/plugins/com.st.stm32cube.ide.mcu.externaltools.gnu-tools-for-stm32.12.3.rel1.win32_1.1.0.202410251130/tools/bin/../lib/gcc/arm-none-eabi/12.3.1/thumb/v7-m/nofp\libgcc.a(_arm_addsubsf3.o)
                0x08000938                __aeabi_frsub
                0x08000940                __subsf3
                0x08000940                __aeabi_fsub
                0x08000944                __aeabi_fadd
                0x08000944                __addsf3
                0x08000aa4                __aeabi_ui2f
                0x08000aa4                __floatunsisf
                0x08000aac                __aeabi_i2f
                0x08000aac                __floatsisf
                0x08000ac8                __aeabi_ul2f
                0x08000ac8                __floatundisf
                0x08000ad8                __aeabi_l2f
                0x08000ad8                __floatdisf
 .text          0x08000b54      0x2a0 C:/ST/STM32CubeIDE_1.17.0/STM32CubeIDE/plugins/com.st.stm32cube.ide.mcu.externaltools.gnu-tools-for-stm32.12.3.rel1.win32_1.1.0.202410251130/tools/bin/../lib/gcc/arm-none-eabi/12.3.1/thumb/v7-m/nofp\libgcc.a(_arm_muldivsf3.o)
                0x08000b54                __mulsf3
                0x08000b54                __aeabi_fmul
                0x08000cbc                __aeabi_fdiv
                0x08000cbc                __divsf3
 .text          0x08000df4       0xec C:/ST/STM32CubeIDE_1.17.0/STM32CubeIDE/plugins/com.st.stm32cube.ide.mcu.externaltools.gnu-tools-for-stm32.12.3.rel1.win32_1.1.0.202410251130/tools/bin/../lib/gcc/arm-none-eabi/12.3.1/thumb/v7-m/nofp\libgcc.a(_arm_cmpsf2.o)
                0x08000df4                __gesf2
                0x08000df4                __gtsf2
                0x08000dfc                __lesf2
                0x08000dfc                __ltsf2
                0x08000e04                __nesf2
                0x08000e04                __eqsf2
                0x08000e04                __cmpsf2
                0x08000e64                __aeabi_cfrcmple
                0x08000e6c                __aeabi_cfcmpeq
                0x08000e6c                __aeabi_cfcmple
                0x08000e7c                __aeabi_fcmpeq
                0x08000e90                __aeabi_fcmplt
                0x08000ea4                __aeabi_fcmple
                0x08000eb8                __aeabi_fcmpge
                0x08000ecc                __aeabi_fcmpgt
 .text          0x08000ee0       0x4c C:/ST/STM32CubeIDE_1.17.0/STM32CubeIDE/plugins/com.st.stm32cube.ide.mcu.externaltools.gnu-tools-for-stm32.12.3.rel1.win32_1.1.0.202410251130/tools/bin/../lib/gcc/arm-none-eabi/12.3.1/thumb/v7-m/nofp\libgcc.a(_arm_fixsfsi.o)
                0x08000ee0                __aeabi_f2iz
                0x08000ee0                __fixsfsi
 *(.text*)
 .text.main     0x08000f2c       0x24 Core\Src\main.o
                0x08000f2c                main
 .text.SystemClock_Config
                0x08000f50       0x7e Core\Src\main.o
                0x08000f50                SystemClock_Config
 *fill*         0x08000fce        0x2 
 .text.MX_I2C1_Init
                0x08000fd0       0x5c Core\Src\main.o
 .text.MX_SPI1_Init
                0x0800102c       0x6c Core\Src\main.o
 .text.MX_USART1_UART_Init
                0x08001098       0x54 Core\Src\main.o
 .text.MX_GPIO_Init
                0x080010ec       0xb0 Core\Src\main.o
 .text.Error_Handler
                0x0800119c        0xc Core\Src\main.o
                0x0800119c                Error_Handler
 .text.HAL_MspInit
                0x080011a8       0x64 Core\Src\stm32f1xx_hal_msp.o
                0x080011a8                HAL_MspInit
 .text.HAL_I2C_MspInit
                0x0800120c       0x7c Core\Src\stm32f1xx_hal_msp.o
                0x0800120c                HAL_I2C_MspInit
 .text.HAL_SPI_MspInit
                0x08001288       0x94 Core\Src\stm32f1xx_hal_msp.o
                0x08001288                HAL_SPI_MspInit
 .text.HAL_UART_MspInit
                0x0800131c       0x98 Core\Src\stm32f1xx_hal_msp.o
                0x0800131c                HAL_UART_MspInit
 .text.NMI_Handler
                0x080013b4        0x8 Core\Src\stm32f1xx_it.o
                0x080013b4                NMI_Handler
 .text.HardFault_Handler
                0x080013bc        0x8 Core\Src\stm32f1xx_it.o
                0x080013bc                HardFault_Handler
 .text.MemManage_Handler
                0x080013c4        0x8 Core\Src\stm32f1xx_it.o
                0x080013c4                MemManage_Handler
 .text.BusFault_Handler
                0x080013cc        0x8 Core\Src\stm32f1xx_it.o
                0x080013cc                BusFault_Handler
 .text.UsageFault_Handler
                0x080013d4        0x8 Core\Src\stm32f1xx_it.o
                0x080013d4                UsageFault_Handler
 .text.SVC_Handler
                0x080013dc        0xc Core\Src\stm32f1xx_it.o
                0x080013dc                SVC_Handler
 .text.DebugMon_Handler
                0x080013e8        0xc Core\Src\stm32f1xx_it.o
                0x080013e8                DebugMon_Handler
 .text.PendSV_Handler
                0x080013f4        0xc Core\Src\stm32f1xx_it.o
                0x080013f4                PendSV_Handler
 .text.SysTick_Handler
                0x08001400        0xc Core\Src\stm32f1xx_it.o
                0x08001400                SysTick_Handler
 .text._sbrk    0x0800140c       0x6c Core\Src\sysmem.o
                0x0800140c                _sbrk
 .text.SystemInit
                0x08001478        0xc Core\Src\system_stm32f1xx.o
                0x08001478                SystemInit
 .text.Reset_Handler
                0x08001484       0x48 Core\Startup\startup_stm32f103c8tx.o
                0x08001484                Reset_Handler
 .text.Default_Handler
                0x080014cc        0x2 Core\Startup\startup_stm32f103c8tx.o
                0x080014cc                RTC_Alarm_IRQHandler
                0x080014cc                EXTI2_IRQHandler
                0x080014cc                TIM1_CC_IRQHandler
                0x080014cc                PVD_IRQHandler
                0x080014cc                EXTI3_IRQHandler
                0x080014cc                EXTI0_IRQHandler
                0x080014cc                I2C2_EV_IRQHandler
                0x080014cc                ADC1_2_IRQHandler
                0x080014cc                SPI1_IRQHandler
                0x080014cc                TAMPER_IRQHandler
                0x080014cc                DMA1_Channel4_IRQHandler
                0x080014cc                USART3_IRQHandler
                0x080014cc                RTC_IRQHandler
                0x080014cc                DMA1_Channel7_IRQHandler
                0x080014cc                CAN1_RX1_IRQHandler
                0x080014cc                TIM4_IRQHandler
                0x080014cc                I2C1_EV_IRQHandler
                0x080014cc                DMA1_Channel6_IRQHandler
                0x080014cc                TIM3_IRQHandler
                0x080014cc                RCC_IRQHandler
                0x080014cc                TIM1_TRG_COM_IRQHandler
                0x080014cc                DMA1_Channel1_IRQHandler
                0x080014cc                Default_Handler
                0x080014cc                EXTI15_10_IRQHandler
                0x080014cc                EXTI9_5_IRQHandler
                0x080014cc                SPI2_IRQHandler
                0x080014cc                DMA1_Channel5_IRQHandler
                0x080014cc                EXTI4_IRQHandler
                0x080014cc                USB_LP_CAN1_RX0_IRQHandler
                0x080014cc                USB_HP_CAN1_TX_IRQHandler
                0x080014cc                DMA1_Channel3_IRQHandler
                0x080014cc                TIM1_UP_IRQHandler
                0x080014cc                WWDG_IRQHandler
                0x080014cc                TIM2_IRQHandler
                0x080014cc                TIM1_BRK_IRQHandler
                0x080014cc                EXTI1_IRQHandler
                0x080014cc                USART2_IRQHandler
                0x080014cc                I2C2_ER_IRQHandler
                0x080014cc                DMA1_Channel2_IRQHandler
                0x080014cc                CAN1_SCE_IRQHandler
                0x080014cc                FLASH_IRQHandler
                0x080014cc                USART1_IRQHandler
                0x080014cc                I2C1_ER_IRQHandler
                0x080014cc                USBWakeUp_IRQHandler
 *fill*         0x080014ce        0x2 
 .text.HAL_Init
                0x080014d0       0x2c Drivers\STM32F1xx_HAL_Driver\Src\stm32f1xx_hal.o
                0x080014d0                HAL_Init
 .text.HAL_InitTick
                0x080014fc       0x60 Drivers\STM32F1xx_HAL_Driver\Src\stm32f1xx_hal.o
                0x080014fc                HAL_InitTick
 .text.HAL_IncTick
                0x0800155c       0x24 Drivers\STM32F1xx_HAL_Driver\Src\stm32f1xx_hal.o
                0x0800155c                HAL_IncTick
 .text.HAL_GetTick
                0x08001580       0x14 Drivers\STM32F1xx_HAL_Driver\Src\stm32f1xx_hal.o
                0x08001580                HAL_GetTick
 .text.HAL_Delay
                0x08001594       0x48 Drivers\STM32F1xx_HAL_Driver\Src\stm32f1xx_hal.o
                0x08001594                HAL_Delay
 .text.__NVIC_SetPriorityGrouping
                0x080015dc       0x48 Drivers\STM32F1xx_HAL_Driver\Src\stm32f1xx_hal_cortex.o
 .text.__NVIC_GetPriorityGrouping
                0x08001624       0x1c Drivers\STM32F1xx_HAL_Driver\Src\stm32f1xx_hal_cortex.o
 .text.__NVIC_SetPriority
                0x08001640       0x54 Drivers\STM32F1xx_HAL_Driver\Src\stm32f1xx_hal_cortex.o
 .text.NVIC_EncodePriority
                0x08001694       0x64 Drivers\STM32F1xx_HAL_Driver\Src\stm32f1xx_hal_cortex.o
 .text.SysTick_Config
                0x080016f8       0x44 Drivers\STM32F1xx_HAL_Driver\Src\stm32f1xx_hal_cortex.o
 .text.HAL_NVIC_SetPriorityGrouping
                0x0800173c       0x16 Drivers\STM32F1xx_HAL_Driver\Src\stm32f1xx_hal_cortex.o
                0x0800173c                HAL_NVIC_SetPriorityGrouping
 .text.HAL_NVIC_SetPriority
                0x08001752       0x38 Drivers\STM32F1xx_HAL_Driver\Src\stm32f1xx_hal_cortex.o
                0x08001752                HAL_NVIC_SetPriority
 .text.HAL_SYSTICK_Config
                0x0800178a       0x18 Drivers\STM32F1xx_HAL_Driver\Src\stm32f1xx_hal_cortex.o
                0x0800178a                HAL_SYSTICK_Config
 *fill*         0x080017a2        0x2 
 .text.HAL_GPIO_Init
                0x080017a4      0x308 Drivers\STM32F1xx_HAL_Driver\Src\stm32f1xx_hal_gpio.o
                0x080017a4                HAL_GPIO_Init
 .text.HAL_GPIO_WritePin
                0x08001aac       0x30 Drivers\STM32F1xx_HAL_Driver\Src\stm32f1xx_hal_gpio.o
                0x08001aac                HAL_GPIO_WritePin
 .text.HAL_I2C_Init
                0x08001adc      0x288 Drivers\STM32F1xx_HAL_Driver\Src\stm32f1xx_hal_i2c.o
                0x08001adc                HAL_I2C_Init
 .text.HAL_I2C_Mem_Write
                0x08001d64      0x1f4 Drivers\STM32F1xx_HAL_Driver\Src\stm32f1xx_hal_i2c.o
                0x08001d64                HAL_I2C_Mem_Write
 .text.I2C_RequestMemoryWrite
                0x08001f58      0x12c Drivers\STM32F1xx_HAL_Driver\Src\stm32f1xx_hal_i2c.o
 .text.I2C_WaitOnFlagUntilTimeout
                0x08002084       0xf4 Drivers\STM32F1xx_HAL_Driver\Src\stm32f1xx_hal_i2c.o
 .text.I2C_WaitOnMasterAddressFlagUntilTimeout
                0x08002178      0x140 Drivers\STM32F1xx_HAL_Driver\Src\stm32f1xx_hal_i2c.o
 .text.I2C_WaitOnTXEFlagUntilTimeout
                0x080022b8       0x90 Drivers\STM32F1xx_HAL_Driver\Src\stm32f1xx_hal_i2c.o
 .text.I2C_WaitOnBTFFlagUntilTimeout
                0x08002348       0x90 Drivers\STM32F1xx_HAL_Driver\Src\stm32f1xx_hal_i2c.o
 .text.I2C_IsAcknowledgeFailed
                0x080023d8       0x5c Drivers\STM32F1xx_HAL_Driver\Src\stm32f1xx_hal_i2c.o
 .text.HAL_RCC_OscConfig
                0x08002434      0x504 Drivers\STM32F1xx_HAL_Driver\Src\stm32f1xx_hal_rcc.o
                0x08002434                HAL_RCC_OscConfig
 .text.HAL_RCC_ClockConfig
                0x08002938      0x1d4 Drivers\STM32F1xx_HAL_Driver\Src\stm32f1xx_hal_rcc.o
                0x08002938                HAL_RCC_ClockConfig
 .text.HAL_RCC_GetSysClockFreq
                0x08002b0c       0xa8 Drivers\STM32F1xx_HAL_Driver\Src\stm32f1xx_hal_rcc.o
                0x08002b0c                HAL_RCC_GetSysClockFreq
 .text.HAL_RCC_GetHCLKFreq
                0x08002bb4       0x14 Drivers\STM32F1xx_HAL_Driver\Src\stm32f1xx_hal_rcc.o
                0x08002bb4                HAL_RCC_GetHCLKFreq
 .text.HAL_RCC_GetPCLK1Freq
                0x08002bc8       0x28 Drivers\STM32F1xx_HAL_Driver\Src\stm32f1xx_hal_rcc.o
                0x08002bc8                HAL_RCC_GetPCLK1Freq
 .text.HAL_RCC_GetPCLK2Freq
                0x08002bf0       0x28 Drivers\STM32F1xx_HAL_Driver\Src\stm32f1xx_hal_rcc.o
                0x08002bf0                HAL_RCC_GetPCLK2Freq
 .text.RCC_Delay
                0x08002c18       0x3c Drivers\STM32F1xx_HAL_Driver\Src\stm32f1xx_hal_rcc.o
 .text.HAL_SPI_Init
                0x08002c54      0x108 Drivers\STM32F1xx_HAL_Driver\Src\stm32f1xx_hal_spi.o
                0x08002c54                HAL_SPI_Init
 .text.HAL_UART_Init
                0x08002d5c       0xa0 Drivers\STM32F1xx_HAL_Driver\Src\stm32f1xx_hal_uart.o
                0x08002d5c                HAL_UART_Init
 .text.UART_SetConfig
                0x08002dfc      0x11c Drivers\STM32F1xx_HAL_Driver\Src\stm32f1xx_hal_uart.o
 .text.ssd1306_Reset
                0x08002f18        0xc libraries\stm32-ssd1306\ssd1306\ssd1306.o
                0x08002f18                ssd1306_Reset
 .text.ssd1306_WriteCommand
                0x08002f24       0x30 libraries\stm32-ssd1306\ssd1306\ssd1306.o
                0x08002f24                ssd1306_WriteCommand
 .text.ssd1306_WriteData
                0x08002f54       0x34 libraries\stm32-ssd1306\ssd1306\ssd1306.o
                0x08002f54                ssd1306_WriteData
 .text.ssd1306_Init
                0x08002f88       0xd4 libraries\stm32-ssd1306\ssd1306\ssd1306.o
                0x08002f88                ssd1306_Init
 .text.ssd1306_Fill
                0x0800305c       0x30 libraries\stm32-ssd1306\ssd1306\ssd1306.o
                0x0800305c                ssd1306_Fill
 .text.ssd1306_UpdateScreen
                0x0800308c       0x50 libraries\stm32-ssd1306\ssd1306\ssd1306.o
                0x0800308c                ssd1306_UpdateScreen
 .text.ssd1306_DrawPixel
                0x080030dc       0xa4 libraries\stm32-ssd1306\ssd1306\ssd1306.o
                0x080030dc                ssd1306_DrawPixel
 .text.ssd1306_WriteChar
                0x08003180      0x120 libraries\stm32-ssd1306\ssd1306\ssd1306.o
                0x08003180                ssd1306_WriteChar
 .text.ssd1306_WriteString
                0x080032a0       0x4c libraries\stm32-ssd1306\ssd1306\ssd1306.o
                0x080032a0                ssd1306_WriteString
 .text.ssd1306_SetCursor
                0x080032ec       0x30 libraries\stm32-ssd1306\ssd1306\ssd1306.o
                0x080032ec                ssd1306_SetCursor
 .text.ssd1306_Line
                0x0800331c       0xd8 libraries\stm32-ssd1306\ssd1306\ssd1306.o
                0x0800331c                ssd1306_Line
 .text.ssd1306_Polyline
                0x080033f4       0x74 libraries\stm32-ssd1306\ssd1306\ssd1306.o
                0x080033f4                ssd1306_Polyline
 .text.ssd1306_DegToRad
                0x08003468       0x20 libraries\stm32-ssd1306\ssd1306\ssd1306.o
 .text.ssd1306_NormalizeTo0_360
                0x08003488       0x50 libraries\stm32-ssd1306\ssd1306\ssd1306.o
 .text.ssd1306_DrawArc
                0x080034d8      0x1c4 libraries\stm32-ssd1306\ssd1306\ssd1306.o
                0x080034d8                ssd1306_DrawArc
 .text.ssd1306_DrawArcWithRadiusLine
                0x0800369c      0x26c libraries\stm32-ssd1306\ssd1306\ssd1306.o
                0x0800369c                ssd1306_DrawArcWithRadiusLine
 .text.ssd1306_DrawCircle
                0x08003908      0x10e libraries\stm32-ssd1306\ssd1306\ssd1306.o
                0x08003908                ssd1306_DrawCircle
 .text.ssd1306_FillCircle
                0x08003a16       0xe6 libraries\stm32-ssd1306\ssd1306\ssd1306.o
                0x08003a16                ssd1306_FillCircle
 .text.ssd1306_DrawRectangle
                0x08003afc       0x6e libraries\stm32-ssd1306\ssd1306\ssd1306.o
                0x08003afc                ssd1306_DrawRectangle
 .text.ssd1306_FillRectangle
                0x08003b6a       0x9c libraries\stm32-ssd1306\ssd1306\ssd1306.o
                0x08003b6a                ssd1306_FillRectangle
 *fill*         0x08003c06        0x2 
 .text.ssd1306_InvertRectangle
                0x08003c08      0x178 libraries\stm32-ssd1306\ssd1306\ssd1306.o
                0x08003c08                ssd1306_InvertRectangle
 .text.ssd1306_DrawBitmap
                0x08003d80       0xb6 libraries\stm32-ssd1306\ssd1306\ssd1306.o
                0x08003d80                ssd1306_DrawBitmap
 .text.ssd1306_SetContrast
                0x08003e36       0x26 libraries\stm32-ssd1306\ssd1306\ssd1306.o
                0x08003e36                ssd1306_SetContrast
 .text.ssd1306_SetDisplayOn
                0x08003e5c       0x3c libraries\stm32-ssd1306\ssd1306\ssd1306.o
                0x08003e5c                ssd1306_SetDisplayOn
 .text.ssd1306_TestBorder
                0x08003e98       0x94 libraries\stm32-ssd1306\ssd1306\ssd1306_tests.o
                0x08003e98                ssd1306_TestBorder
 .text.ssd1306_TestFonts1
                0x08003f2c       0xb0 libraries\stm32-ssd1306\ssd1306\ssd1306_tests.o
                0x08003f2c                ssd1306_TestFonts1
 .text.ssd1306_TestFonts2
                0x08003fdc       0x74 libraries\stm32-ssd1306\ssd1306\ssd1306_tests.o
                0x08003fdc                ssd1306_TestFonts2
 .text.ssd1306_TestFonts3
                0x08004050       0x68 libraries\stm32-ssd1306\ssd1306\ssd1306_tests.o
                0x08004050                ssd1306_TestFonts3
 .text.ssd1306_TestFPS
                0x080040b8      0x144 libraries\stm32-ssd1306\ssd1306\ssd1306_tests.o
                0x080040b8                ssd1306_TestFPS
 .text.ssd1306_TestLine
                0x080041fc       0x30 libraries\stm32-ssd1306\ssd1306\ssd1306_tests.o
                0x080041fc                ssd1306_TestLine
 .text.ssd1306_TestRectangle
                0x0800422c       0x70 libraries\stm32-ssd1306\ssd1306\ssd1306_tests.o
                0x0800422c                ssd1306_TestRectangle
 .text.ssd1306_TestRectangleFill
                0x0800429c       0x50 libraries\stm32-ssd1306\ssd1306\ssd1306_tests.o
                0x0800429c                ssd1306_TestRectangleFill
 .text.ssd1306_TestRectangleInvert
                0x080042ec       0xbc libraries\stm32-ssd1306\ssd1306\ssd1306_tests.o
                0x080042ec                ssd1306_TestRectangleInvert
 .text.ssd1306_TestCircle
                0x080043a8       0x70 libraries\stm32-ssd1306\ssd1306\ssd1306_tests.o
                0x080043a8                ssd1306_TestCircle
 .text.ssd1306_TestArc
                0x08004418       0x3c libraries\stm32-ssd1306\ssd1306\ssd1306_tests.o
                0x08004418                ssd1306_TestArc
 .text.ssd1306_TestPolyline
                0x08004454       0x2c libraries\stm32-ssd1306\ssd1306\ssd1306_tests.o
                0x08004454                ssd1306_TestPolyline
 .text.ssd1306_TestDrawBitmap
                0x08004480       0x80 libraries\stm32-ssd1306\ssd1306\ssd1306_tests.o
                0x08004480                ssd1306_TestDrawBitmap
 .text.ssd1306_TestAll
                0x08004500       0xbc libraries\stm32-ssd1306\ssd1306\ssd1306_tests.o
                0x08004500                ssd1306_TestAll
 .text.cosf     0x080045bc       0x70 C:/ST/STM32CubeIDE_1.17.0/STM32CubeIDE/plugins/com.st.stm32cube.ide.mcu.externaltools.gnu-tools-for-stm32.12.3.rel1.win32_1.1.0.202410251130/tools/bin/../lib/gcc/arm-none-eabi/12.3.1/../../../../arm-none-eabi/lib/thumb/v7-m/nofp\libm.a(libm_a-sf_cos.o)
                0x080045bc                cosf
 .text.sinf     0x0800462c       0x74 C:/ST/STM32CubeIDE_1.17.0/STM32CubeIDE/plugins/com.st.stm32cube.ide.mcu.externaltools.gnu-tools-for-stm32.12.3.rel1.win32_1.1.0.202410251130/tools/bin/../lib/gcc/arm-none-eabi/12.3.1/../../../../arm-none-eabi/lib/thumb/v7-m/nofp\libm.a(libm_a-sf_sin.o)
                0x0800462c                sinf
 .text.__kernel_cosf
                0x080046a0      0x100 C:/ST/STM32CubeIDE_1.17.0/STM32CubeIDE/plugins/com.st.stm32cube.ide.mcu.externaltools.gnu-tools-for-stm32.12.3.rel1.win32_1.1.0.202410251130/tools/bin/../lib/gcc/arm-none-eabi/12.3.1/../../../../arm-none-eabi/lib/thumb/v7-m/nofp\libm.a(libm_a-kf_cos.o)
                0x080046a0                __kernel_cosf
 .text.__kernel_sinf
                0x080047a0       0xec C:/ST/STM32CubeIDE_1.17.0/STM32CubeIDE/plugins/com.st.stm32cube.ide.mcu.externaltools.gnu-tools-for-stm32.12.3.rel1.win32_1.1.0.202410251130/tools/bin/../lib/gcc/arm-none-eabi/12.3.1/../../../../arm-none-eabi/lib/thumb/v7-m/nofp\libm.a(libm_a-kf_sin.o)
                0x080047a0                __kernel_sinf
 .text.__ieee754_rem_pio2f
                0x0800488c      0x2cc C:/ST/STM32CubeIDE_1.17.0/STM32CubeIDE/plugins/com.st.stm32cube.ide.mcu.externaltools.gnu-tools-for-stm32.12.3.rel1.win32_1.1.0.202410251130/tools/bin/../lib/gcc/arm-none-eabi/12.3.1/../../../../arm-none-eabi/lib/thumb/v7-m/nofp\libm.a(libm_a-ef_rem_pio2.o)
                0x0800488c                __ieee754_rem_pio2f
 .text.fabsf    0x08004b58        0x6 C:/ST/STM32CubeIDE_1.17.0/STM32CubeIDE/plugins/com.st.stm32cube.ide.mcu.externaltools.gnu-tools-for-stm32.12.3.rel1.win32_1.1.0.202410251130/tools/bin/../lib/gcc/arm-none-eabi/12.3.1/../../../../arm-none-eabi/lib/thumb/v7-m/nofp\libm.a(libm_a-sf_fabs.o)
                0x08004b58                fabsf
 *fill*         0x08004b5e        0x2 
 .text.__kernel_rem_pio2f
                0x08004b60      0x540 C:/ST/STM32CubeIDE_1.17.0/STM32CubeIDE/plugins/com.st.stm32cube.ide.mcu.externaltools.gnu-tools-for-stm32.12.3.rel1.win32_1.1.0.202410251130/tools/bin/../lib/gcc/arm-none-eabi/12.3.1/../../../../arm-none-eabi/lib/thumb/v7-m/nofp\libm.a(libm_a-kf_rem_pio2.o)
                0x08004b60                __kernel_rem_pio2f
 .text.scalbnf  0x080050a0       0x98 C:/ST/STM32CubeIDE_1.17.0/STM32CubeIDE/plugins/com.st.stm32cube.ide.mcu.externaltools.gnu-tools-for-stm32.12.3.rel1.win32_1.1.0.202410251130/tools/bin/../lib/gcc/arm-none-eabi/12.3.1/../../../../arm-none-eabi/lib/thumb/v7-m/nofp\libm.a(libm_a-sf_scalbn.o)
                0x080050a0                scalbnf
 .text.floorf   0x08005138       0x84 C:/ST/STM32CubeIDE_1.17.0/STM32CubeIDE/plugins/com.st.stm32cube.ide.mcu.externaltools.gnu-tools-for-stm32.12.3.rel1.win32_1.1.0.202410251130/tools/bin/../lib/gcc/arm-none-eabi/12.3.1/../../../../arm-none-eabi/lib/thumb/v7-m/nofp\libm.a(libm_a-sf_floor.o)
                0x08005138                floorf
 .text.snprintf
                0x080051bc       0x68 C:/ST/STM32CubeIDE_1.17.0/STM32CubeIDE/plugins/com.st.stm32cube.ide.mcu.externaltools.gnu-tools-for-stm32.12.3.rel1.win32_1.1.0.202410251130/tools/bin/../lib/gcc/arm-none-eabi/12.3.1/../../../../arm-none-eabi/lib/thumb/v7-m/nofp\libc_nano.a(libc_a-snprintf.o)
                0x080051bc                sniprintf
                0x080051bc                snprintf
 .text.memmove  0x08005224       0x34 C:/ST/STM32CubeIDE_1.17.0/STM32CubeIDE/plugins/com.st.stm32cube.ide.mcu.externaltools.gnu-tools-for-stm32.12.3.rel1.win32_1.1.0.202410251130/tools/bin/../lib/gcc/arm-none-eabi/12.3.1/../../../../arm-none-eabi/lib/thumb/v7-m/nofp\libc_nano.a(libc_a-memmove.o)
                0x08005224                memmove
 .text.memset   0x08005258       0x10 C:/ST/STM32CubeIDE_1.17.0/STM32CubeIDE/plugins/com.st.stm32cube.ide.mcu.externaltools.gnu-tools-for-stm32.12.3.rel1.win32_1.1.0.202410251130/tools/bin/../lib/gcc/arm-none-eabi/12.3.1/../../../../arm-none-eabi/lib/thumb/v7-m/nofp\libc_nano.a(libc_a-memset.o)
                0x08005258                memset
 .text.__errno  0x08005268        0xc C:/ST/STM32CubeIDE_1.17.0/STM32CubeIDE/plugins/com.st.stm32cube.ide.mcu.externaltools.gnu-tools-for-stm32.12.3.rel1.win32_1.1.0.202410251130/tools/bin/../lib/gcc/arm-none-eabi/12.3.1/../../../../arm-none-eabi/lib/thumb/v7-m/nofp\libc_nano.a(libc_a-errno.o)
                0x08005268                __errno
 .text.__libc_init_array
                0x08005274       0x48 C:/ST/STM32CubeIDE_1.17.0/STM32CubeIDE/plugins/com.st.stm32cube.ide.mcu.externaltools.gnu-tools-for-stm32.12.3.rel1.win32_1.1.0.202410251130/tools/bin/../lib/gcc/arm-none-eabi/12.3.1/../../../../arm-none-eabi/lib/thumb/v7-m/nofp\libc_nano.a(libc_a-init.o)
                0x08005274                __libc_init_array
 .text.__retarget_lock_acquire_recursive
                0x080052bc        0x2 C:/ST/STM32CubeIDE_1.17.0/STM32CubeIDE/plugins/com.st.stm32cube.ide.mcu.externaltools.gnu-tools-for-stm32.12.3.rel1.win32_1.1.0.202410251130/tools/bin/../lib/gcc/arm-none-eabi/12.3.1/../../../../arm-none-eabi/lib/thumb/v7-m/nofp\libc_nano.a(libc_a-lock.o)
                0x080052bc                __retarget_lock_acquire_recursive
 .text.__retarget_lock_release_recursive
                0x080052be        0x2 C:/ST/STM32CubeIDE_1.17.0/STM32CubeIDE/plugins/com.st.stm32cube.ide.mcu.externaltools.gnu-tools-for-stm32.12.3.rel1.win32_1.1.0.202410251130/tools/bin/../lib/gcc/arm-none-eabi/12.3.1/../../../../arm-none-eabi/lib/thumb/v7-m/nofp\libc_nano.a(libc_a-lock.o)
                0x080052be                __retarget_lock_release_recursive
 .text.memcpy   0x080052c0       0x1c C:/ST/STM32CubeIDE_1.17.0/STM32CubeIDE/plugins/com.st.stm32cube.ide.mcu.externaltools.gnu-tools-for-stm32.12.3.rel1.win32_1.1.0.202410251130/tools/bin/../lib/gcc/arm-none-eabi/12.3.1/../../../../arm-none-eabi/lib/thumb/v7-m/nofp\libc_nano.a(libc_a-memcpy-stub.o)
                0x080052c0                memcpy
 .text._free_r  0x080052dc       0x90 C:/ST/STM32CubeIDE_1.17.0/STM32CubeIDE/plugins/com.st.stm32cube.ide.mcu.externaltools.gnu-tools-for-stm32.12.3.rel1.win32_1.1.0.202410251130/tools/bin/../lib/gcc/arm-none-eabi/12.3.1/../../../../arm-none-eabi/lib/thumb/v7-m/nofp\libc_nano.a(libc_a-freer.o)
                0x080052dc                _free_r
 .text.sbrk_aligned
                0x0800536c       0x44 C:/ST/STM32CubeIDE_1.17.0/STM32CubeIDE/plugins/com.st.stm32cube.ide.mcu.externaltools.gnu-tools-for-stm32.12.3.rel1.win32_1.1.0.202410251130/tools/bin/../lib/gcc/arm-none-eabi/12.3.1/../../../../arm-none-eabi/lib/thumb/v7-m/nofp\libc_nano.a(libc_a-mallocr.o)
 .text._malloc_r
                0x080053b0      0x100 C:/ST/STM32CubeIDE_1.17.0/STM32CubeIDE/plugins/com.st.stm32cube.ide.mcu.externaltools.gnu-tools-for-stm32.12.3.rel1.win32_1.1.0.202410251130/tools/bin/../lib/gcc/arm-none-eabi/12.3.1/../../../../arm-none-eabi/lib/thumb/v7-m/nofp\libc_nano.a(libc_a-mallocr.o)
                0x080053b0                _malloc_r
 .text.__malloc_lock
                0x080054b0        0xc C:/ST/STM32CubeIDE_1.17.0/STM32CubeIDE/plugins/com.st.stm32cube.ide.mcu.externaltools.gnu-tools-for-stm32.12.3.rel1.win32_1.1.0.202410251130/tools/bin/../lib/gcc/arm-none-eabi/12.3.1/../../../../arm-none-eabi/lib/thumb/v7-m/nofp\libc_nano.a(libc_a-mlock.o)
                0x080054b0                __malloc_lock
 .text.__malloc_unlock
                0x080054bc        0xc C:/ST/STM32CubeIDE_1.17.0/STM32CubeIDE/plugins/com.st.stm32cube.ide.mcu.externaltools.gnu-tools-for-stm32.12.3.rel1.win32_1.1.0.202410251130/tools/bin/../lib/gcc/arm-none-eabi/12.3.1/../../../../arm-none-eabi/lib/thumb/v7-m/nofp\libc_nano.a(libc_a-mlock.o)
                0x080054bc                __malloc_unlock
 .text.__ssputs_r
                0x080054c8       0xb6 C:/ST/STM32CubeIDE_1.17.0/STM32CubeIDE/plugins/com.st.stm32cube.ide.mcu.externaltools.gnu-tools-for-stm32.12.3.rel1.win32_1.1.0.202410251130/tools/bin/../lib/gcc/arm-none-eabi/12.3.1/../../../../arm-none-eabi/lib/thumb/v7-m/nofp\libc_nano.a(libc_a-nano-svfprintf.o)
                0x080054c8                __ssputs_r
 *fill*         0x0800557e        0x2 
 .text._svfprintf_r
                0x08005580      0x1f8 C:/ST/STM32CubeIDE_1.17.0/STM32CubeIDE/plugins/com.st.stm32cube.ide.mcu.externaltools.gnu-tools-for-stm32.12.3.rel1.win32_1.1.0.202410251130/tools/bin/../lib/gcc/arm-none-eabi/12.3.1/../../../../arm-none-eabi/lib/thumb/v7-m/nofp\libc_nano.a(libc_a-nano-svfprintf.o)
                0x08005580                _svfiprintf_r
                0x08005580                _svfprintf_r
 .text._printf_common
                0x08005778       0xe4 C:/ST/STM32CubeIDE_1.17.0/STM32CubeIDE/plugins/com.st.stm32cube.ide.mcu.externaltools.gnu-tools-for-stm32.12.3.rel1.win32_1.1.0.202410251130/tools/bin/../lib/gcc/arm-none-eabi/12.3.1/../../../../arm-none-eabi/lib/thumb/v7-m/nofp\libc_nano.a(libc_a-nano-vfprintf_i.o)
                0x08005778                _printf_common
 .text._printf_i
                0x0800585c      0x240 C:/ST/STM32CubeIDE_1.17.0/STM32CubeIDE/plugins/com.st.stm32cube.ide.mcu.externaltools.gnu-tools-for-stm32.12.3.rel1.win32_1.1.0.202410251130/tools/bin/../lib/gcc/arm-none-eabi/12.3.1/../../../../arm-none-eabi/lib/thumb/v7-m/nofp\libc_nano.a(libc_a-nano-vfprintf_i.o)
                0x0800585c                _printf_i
 .text._sbrk_r  0x08005a9c       0x20 C:/ST/STM32CubeIDE_1.17.0/STM32CubeIDE/plugins/com.st.stm32cube.ide.mcu.externaltools.gnu-tools-for-stm32.12.3.rel1.win32_1.1.0.202410251130/tools/bin/../lib/gcc/arm-none-eabi/12.3.1/../../../../arm-none-eabi/lib/thumb/v7-m/nofp\libc_nano.a(libc_a-sbrkr.o)
                0x08005a9c                _sbrk_r
 .text.memchr   0x08005abc       0x1c C:/ST/STM32CubeIDE_1.17.0/STM32CubeIDE/plugins/com.st.stm32cube.ide.mcu.externaltools.gnu-tools-for-stm32.12.3.rel1.win32_1.1.0.202410251130/tools/bin/../lib/gcc/arm-none-eabi/12.3.1/../../../../arm-none-eabi/lib/thumb/v7-m/nofp\libc_nano.a(libc_a-memchr-stub.o)
                0x08005abc                memchr
 .text._realloc_r
                0x08005ad8       0x5c C:/ST/STM32CubeIDE_1.17.0/STM32CubeIDE/plugins/com.st.stm32cube.ide.mcu.externaltools.gnu-tools-for-stm32.12.3.rel1.win32_1.1.0.202410251130/tools/bin/../lib/gcc/arm-none-eabi/12.3.1/../../../../arm-none-eabi/lib/thumb/v7-m/nofp\libc_nano.a(libc_a-reallocr.o)
                0x08005ad8                _realloc_r
 .text._malloc_usable_size_r
                0x08005b34       0x10 C:/ST/STM32CubeIDE_1.17.0/STM32CubeIDE/plugins/com.st.stm32cube.ide.mcu.externaltools.gnu-tools-for-stm32.12.3.rel1.win32_1.1.0.202410251130/tools/bin/../lib/gcc/arm-none-eabi/12.3.1/../../../../arm-none-eabi/lib/thumb/v7-m/nofp\libc_nano.a(libc_a-msizer.o)
                0x08005b34                _malloc_usable_size_r
 *(.glue_7)
 .glue_7        0x08005b44        0x0 linker stubs
 *(.glue_7t)
 .glue_7t       0x08005b44        0x0 linker stubs
 *(.eh_frame)
 .eh_frame      0x08005b44        0x0 C:/ST/STM32CubeIDE_1.17.0/STM32CubeIDE/plugins/com.st.stm32cube.ide.mcu.externaltools.gnu-tools-for-stm32.12.3.rel1.win32_1.1.0.202410251130/tools/bin/../lib/gcc/arm-none-eabi/12.3.1/thumb/v7-m/nofp/crtbegin.o
 *(.init)
 .init          0x08005b44        0x4 C:/ST/STM32CubeIDE_1.17.0/STM32CubeIDE/plugins/com.st.stm32cube.ide.mcu.externaltools.gnu-tools-for-stm32.12.3.rel1.win32_1.1.0.202410251130/tools/bin/../lib/gcc/arm-none-eabi/12.3.1/thumb/v7-m/nofp/crti.o
                0x08005b44                _init
 .init          0x08005b48        0x8 C:/ST/STM32CubeIDE_1.17.0/STM32CubeIDE/plugins/com.st.stm32cube.ide.mcu.externaltools.gnu-tools-for-stm32.12.3.rel1.win32_1.1.0.202410251130/tools/bin/../lib/gcc/arm-none-eabi/12.3.1/thumb/v7-m/nofp/crtn.o
 *(.fini)
 .fini          0x08005b50        0x4 C:/ST/STM32CubeIDE_1.17.0/STM32CubeIDE/plugins/com.st.stm32cube.ide.mcu.externaltools.gnu-tools-for-stm32.12.3.rel1.win32_1.1.0.202410251130/tools/bin/../lib/gcc/arm-none-eabi/12.3.1/thumb/v7-m/nofp/crti.o
                0x08005b50                _fini
 .fini          0x08005b54        0x8 C:/ST/STM32CubeIDE_1.17.0/STM32CubeIDE/plugins/com.st.stm32cube.ide.mcu.externaltools.gnu-tools-for-stm32.12.3.rel1.win32_1.1.0.202410251130/tools/bin/../lib/gcc/arm-none-eabi/12.3.1/thumb/v7-m/nofp/crtn.o
                0x08005b5c                        . = ALIGN (0x4)
                0x08005b5c                        _etext = .

.vfp11_veneer   0x08005b5c        0x0
 .vfp11_veneer  0x08005b5c        0x0 linker stubs

.v4_bx          0x08005b5c        0x0
 .v4_bx         0x08005b5c        0x0 linker stubs

.iplt           0x08005b5c        0x0
 .iplt          0x08005b5c        0x0 C:/ST/STM32CubeIDE_1.17.0/STM32CubeIDE/plugins/com.st.stm32cube.ide.mcu.externaltools.gnu-tools-for-stm32.12.3.rel1.win32_1.1.0.202410251130/tools/bin/../lib/gcc/arm-none-eabi/12.3.1/thumb/v7-m/nofp/crtbegin.o

.rodata         0x08005b5c     0x5698
                0x08005b5c                        . = ALIGN (0x4)
 *(.rodata)
 .rodata        0x08005b5c       0xc6 libraries\stm32-ssd1306\ssd1306\ssd1306_tests.o
 *(.rodata*)
 *fill*         0x08005c22        0x2 
 .rodata.AHBPrescTable
                0x08005c24       0x10 Core\Src\system_stm32f1xx.o
                0x08005c24                AHBPrescTable
 .rodata.APBPrescTable
                0x08005c34        0x8 Core\Src\system_stm32f1xx.o
                0x08005c34                APBPrescTable
 .rodata.aPLLMULFactorTable.1
                0x08005c3c       0x10 Drivers\STM32F1xx_HAL_Driver\Src\stm32f1xx_hal_rcc.o
 .rodata.aPredivFactorTable.0
                0x08005c4c        0x2 Drivers\STM32F1xx_HAL_Driver\Src\stm32f1xx_hal_rcc.o
 .rodata.CIRCLE_APPROXIMATION_SEGMENTS.0
                0x08005c4e        0x1 libraries\stm32-ssd1306\ssd1306\ssd1306.o
 *fill*         0x08005c4f        0x1 
 .rodata.Font7x10
                0x08005c50      0x76c libraries\stm32-ssd1306\ssd1306\ssd1306_fonts.o
 .rodata.Font11x18
                0x080063bc      0xd5c libraries\stm32-ssd1306\ssd1306\ssd1306_fonts.o
 .rodata.Font16x26
                0x08007118     0x134c libraries\stm32-ssd1306\ssd1306\ssd1306_fonts.o
 .rodata.Font6x8
                0x08008464      0x5f0 libraries\stm32-ssd1306\ssd1306\ssd1306_fonts.o
 .rodata.Font16x24
                0x08008a54     0x11d0 libraries\stm32-ssd1306\ssd1306\ssd1306_fonts.o
 .rodata.Font16x15
                0x08009c24      0xb22 libraries\stm32-ssd1306\ssd1306\ssd1306_fonts.o
 *fill*         0x0800a746        0x2 
 .rodata.char_width
                0x0800a748       0x5f libraries\stm32-ssd1306\ssd1306\ssd1306_fonts.o
 *fill*         0x0800a7a7        0x1 
 .rodata.Font_6x8
                0x0800a7a8        0xc libraries\stm32-ssd1306\ssd1306\ssd1306_fonts.o
                0x0800a7a8                Font_6x8
 .rodata.Font_7x10
                0x0800a7b4        0xc libraries\stm32-ssd1306\ssd1306\ssd1306_fonts.o
                0x0800a7b4                Font_7x10
 .rodata.Font_11x18
                0x0800a7c0        0xc libraries\stm32-ssd1306\ssd1306\ssd1306_fonts.o
                0x0800a7c0                Font_11x18
 .rodata.Font_16x26
                0x0800a7cc        0xc libraries\stm32-ssd1306\ssd1306\ssd1306_fonts.o
                0x0800a7cc                Font_16x26
 .rodata.Font_16x24
                0x0800a7d8        0xc libraries\stm32-ssd1306\ssd1306\ssd1306_fonts.o
                0x0800a7d8                Font_16x24
 .rodata.Font_16x15
                0x0800a7e4        0xc libraries\stm32-ssd1306\ssd1306\ssd1306_fonts.o
                0x0800a7e4                Font_16x15
 .rodata.garfield_128x64
                0x0800a7f0      0x400 libraries\stm32-ssd1306\ssd1306\ssd1306_tests.o
                0x0800a7f0                garfield_128x64
 .rodata.github_logo_64x64
                0x0800abf0      0x200 libraries\stm32-ssd1306\ssd1306\ssd1306_tests.o
                0x0800abf0                github_logo_64x64
 .rodata.npio2_hw
                0x0800adf0       0x80 C:/ST/STM32CubeIDE_1.17.0/STM32CubeIDE/plugins/com.st.stm32cube.ide.mcu.externaltools.gnu-tools-for-stm32.12.3.rel1.win32_1.1.0.202410251130/tools/bin/../lib/gcc/arm-none-eabi/12.3.1/../../../../arm-none-eabi/lib/thumb/v7-m/nofp\libm.a(libm_a-ef_rem_pio2.o)
 .rodata.two_over_pi
                0x0800ae70      0x318 C:/ST/STM32CubeIDE_1.17.0/STM32CubeIDE/plugins/com.st.stm32cube.ide.mcu.externaltools.gnu-tools-for-stm32.12.3.rel1.win32_1.1.0.202410251130/tools/bin/../lib/gcc/arm-none-eabi/12.3.1/../../../../arm-none-eabi/lib/thumb/v7-m/nofp\libm.a(libm_a-ef_rem_pio2.o)
 .rodata.PIo2   0x0800b188       0x2c C:/ST/STM32CubeIDE_1.17.0/STM32CubeIDE/plugins/com.st.stm32cube.ide.mcu.externaltools.gnu-tools-for-stm32.12.3.rel1.win32_1.1.0.202410251130/tools/bin/../lib/gcc/arm-none-eabi/12.3.1/../../../../arm-none-eabi/lib/thumb/v7-m/nofp\libm.a(libm_a-kf_rem_pio2.o)
 .rodata.init_jk
                0x0800b1b4        0xc C:/ST/STM32CubeIDE_1.17.0/STM32CubeIDE/plugins/com.st.stm32cube.ide.mcu.externaltools.gnu-tools-for-stm32.12.3.rel1.win32_1.1.0.202410251130/tools/bin/../lib/gcc/arm-none-eabi/12.3.1/../../../../arm-none-eabi/lib/thumb/v7-m/nofp\libm.a(libm_a-kf_rem_pio2.o)
 .rodata._svfprintf_r.str1.1
                0x0800b1c0       0x11 C:/ST/STM32CubeIDE_1.17.0/STM32CubeIDE/plugins/com.st.stm32cube.ide.mcu.externaltools.gnu-tools-for-stm32.12.3.rel1.win32_1.1.0.202410251130/tools/bin/../lib/gcc/arm-none-eabi/12.3.1/../../../../arm-none-eabi/lib/thumb/v7-m/nofp\libc_nano.a(libc_a-nano-svfprintf.o)
 .rodata._printf_i.str1.1
                0x0800b1d1       0x22 C:/ST/STM32CubeIDE_1.17.0/STM32CubeIDE/plugins/com.st.stm32cube.ide.mcu.externaltools.gnu-tools-for-stm32.12.3.rel1.win32_1.1.0.202410251130/tools/bin/../lib/gcc/arm-none-eabi/12.3.1/../../../../arm-none-eabi/lib/thumb/v7-m/nofp\libc_nano.a(libc_a-nano-vfprintf_i.o)
                0x0800b1f4                        . = ALIGN (0x4)
 *fill*         0x0800b1f3        0x1 

.rel.dyn        0x0800b1f4        0x0
 .rel.iplt      0x0800b1f4        0x0 C:/ST/STM32CubeIDE_1.17.0/STM32CubeIDE/plugins/com.st.stm32cube.ide.mcu.externaltools.gnu-tools-for-stm32.12.3.rel1.win32_1.1.0.202410251130/tools/bin/../lib/gcc/arm-none-eabi/12.3.1/thumb/v7-m/nofp/crtbegin.o

.ARM.extab      0x0800b1f4        0x0
                0x0800b1f4                        . = ALIGN (0x4)
 *(.ARM.extab* .gnu.linkonce.armextab.*)
                0x0800b1f4                        . = ALIGN (0x4)

.ARM            0x0800b1f4        0x0
                0x0800b1f4                        . = ALIGN (0x4)
                0x0800b1f4                        __exidx_start = .
 *(.ARM.exidx*)
                0x0800b1f4                        __exidx_end = .
                0x0800b1f4                        . = ALIGN (0x4)

.preinit_array  0x0800b1f4        0x0
                0x0800b1f4                        . = ALIGN (0x4)
                0x0800b1f4                        PROVIDE (__preinit_array_start = .)
 *(.preinit_array*)
                0x0800b1f4                        PROVIDE (__preinit_array_end = .)
                0x0800b1f4                        . = ALIGN (0x4)

.init_array     0x0800b1f4        0x4
                0x0800b1f4                        . = ALIGN (0x4)
                0x0800b1f4                        PROVIDE (__init_array_start = .)
 *(SORT_BY_NAME(.init_array.*))
 *(.init_array*)
 .init_array    0x0800b1f4        0x4 C:/ST/STM32CubeIDE_1.17.0/STM32CubeIDE/plugins/com.st.stm32cube.ide.mcu.externaltools.gnu-tools-for-stm32.12.3.rel1.win32_1.1.0.202410251130/tools/bin/../lib/gcc/arm-none-eabi/12.3.1/thumb/v7-m/nofp/crtbegin.o
                0x0800b1f8                        PROVIDE (__init_array_end = .)
                0x0800b1f8                        . = ALIGN (0x4)

.fini_array     0x0800b1f8        0x4
                0x0800b1f8                        . = ALIGN (0x4)
                [!provide]                        PROVIDE (__fini_array_start = .)
 *(SORT_BY_NAME(.fini_array.*))
 *(.fini_array*)
 .fini_array    0x0800b1f8        0x4 C:/ST/STM32CubeIDE_1.17.0/STM32CubeIDE/plugins/com.st.stm32cube.ide.mcu.externaltools.gnu-tools-for-stm32.12.3.rel1.win32_1.1.0.202410251130/tools/bin/../lib/gcc/arm-none-eabi/12.3.1/thumb/v7-m/nofp/crtbegin.o
                [!provide]                        PROVIDE (__fini_array_end = .)
                0x0800b1fc                        . = ALIGN (0x4)
                0x0800b1fc                        _sidata = LOADADDR (.data)

.data           0x20000000       0x5c load address 0x0800b1fc
                0x20000000                        . = ALIGN (0x4)
                0x20000000                        _sdata = .
 *(.data)
 *(.data*)
 .data.SystemCoreClock
                0x20000000        0x4 Core\Src\system_stm32f1xx.o
                0x20000000                SystemCoreClock
 .data.uwTickPrio
                0x20000004        0x4 Drivers\STM32F1xx_HAL_Driver\Src\stm32f1xx_hal.o
                0x20000004                uwTickPrio
 .data.uwTickFreq
                0x20000008        0x1 Drivers\STM32F1xx_HAL_Driver\Src\stm32f1xx_hal.o
                0x20000008                uwTickFreq
 *fill*         0x20000009        0x3 
 .data._impure_ptr
                0x2000000c        0x4 C:/ST/STM32CubeIDE_1.17.0/STM32CubeIDE/plugins/com.st.stm32cube.ide.mcu.externaltools.gnu-tools-for-stm32.12.3.rel1.win32_1.1.0.202410251130/tools/bin/../lib/gcc/arm-none-eabi/12.3.1/../../../../arm-none-eabi/lib/thumb/v7-m/nofp\libc_nano.a(libc_a-impure.o)
                0x2000000c                _impure_ptr
 .data._impure_data
                0x20000010       0x4c C:/ST/STM32CubeIDE_1.17.0/STM32CubeIDE/plugins/com.st.stm32cube.ide.mcu.externaltools.gnu-tools-for-stm32.12.3.rel1.win32_1.1.0.202410251130/tools/bin/../lib/gcc/arm-none-eabi/12.3.1/../../../../arm-none-eabi/lib/thumb/v7-m/nofp\libc_nano.a(libc_a-impure.o)
                0x20000010                _impure_data
 *(.RamFunc)
 *(.RamFunc*)
                0x2000005c                        . = ALIGN (0x4)
                0x2000005c                        _edata = .

.igot.plt       0x2000005c        0x0 load address 0x0800b258
 .igot.plt      0x2000005c        0x0 C:/ST/STM32CubeIDE_1.17.0/STM32CubeIDE/plugins/com.st.stm32cube.ide.mcu.externaltools.gnu-tools-for-stm32.12.3.rel1.win32_1.1.0.202410251130/tools/bin/../lib/gcc/arm-none-eabi/12.3.1/thumb/v7-m/nofp/crtbegin.o
                0x2000005c                        . = ALIGN (0x4)

.bss            0x2000005c      0x668 load address 0x0800b258
                0x2000005c                        _sbss = .
                0x2000005c                        __bss_start__ = _sbss
 *(.bss)
 .bss           0x2000005c       0x1c C:/ST/STM32CubeIDE_1.17.0/STM32CubeIDE/plugins/com.st.stm32cube.ide.mcu.externaltools.gnu-tools-for-stm32.12.3.rel1.win32_1.1.0.202410251130/tools/bin/../lib/gcc/arm-none-eabi/12.3.1/thumb/v7-m/nofp/crtbegin.o
 *(.bss*)
 .bss.hspi1     0x20000078       0x58 Core\Src\main.o
                0x20000078                hspi1
 .bss.huart1    0x200000d0       0x48 Core\Src\main.o
                0x200000d0                huart1
 .bss.hi2c1     0x20000118       0x54 Core\Src\main.o
                0x20000118                hi2c1
 .bss.__sbrk_heap_end
                0x2000016c        0x4 Core\Src\sysmem.o
 .bss.uwTick    0x20000170        0x4 Drivers\STM32F1xx_HAL_Driver\Src\stm32f1xx_hal.o
                0x20000170                uwTick
 .bss.SSD1306_Buffer
                0x20000174      0x400 libraries\stm32-ssd1306\ssd1306\ssd1306.o
 .bss.SSD1306   0x20000574        0x6 libraries\stm32-ssd1306\ssd1306\ssd1306.o
 *fill*         0x2000057a        0x2 
 .bss.__sf      0x2000057c      0x138 C:/ST/STM32CubeIDE_1.17.0/STM32CubeIDE/plugins/com.st.stm32cube.ide.mcu.externaltools.gnu-tools-for-stm32.12.3.rel1.win32_1.1.0.202410251130/tools/bin/../lib/gcc/arm-none-eabi/12.3.1/../../../../arm-none-eabi/lib/thumb/v7-m/nofp\libc_nano.a(libc_a-findfp.o)
                0x2000057c                __sf
 .bss.errno     0x200006b4        0x4 C:/ST/STM32CubeIDE_1.17.0/STM32CubeIDE/plugins/com.st.stm32cube.ide.mcu.externaltools.gnu-tools-for-stm32.12.3.rel1.win32_1.1.0.202410251130/tools/bin/../lib/gcc/arm-none-eabi/12.3.1/../../../../arm-none-eabi/lib/thumb/v7-m/nofp\libc_nano.a(libc_a-reent.o)
                0x200006b4                errno
 .bss.__lock___malloc_recursive_mutex
                0x200006b8        0x1 C:/ST/STM32CubeIDE_1.17.0/STM32CubeIDE/plugins/com.st.stm32cube.ide.mcu.externaltools.gnu-tools-for-stm32.12.3.rel1.win32_1.1.0.202410251130/tools/bin/../lib/gcc/arm-none-eabi/12.3.1/../../../../arm-none-eabi/lib/thumb/v7-m/nofp\libc_nano.a(libc_a-lock.o)
                0x200006b8                __lock___malloc_recursive_mutex
 *fill*         0x200006b9        0x3 
 .bss.__malloc_sbrk_start
                0x200006bc        0x4 C:/ST/STM32CubeIDE_1.17.0/STM32CubeIDE/plugins/com.st.stm32cube.ide.mcu.externaltools.gnu-tools-for-stm32.12.3.rel1.win32_1.1.0.202410251130/tools/bin/../lib/gcc/arm-none-eabi/12.3.1/../../../../arm-none-eabi/lib/thumb/v7-m/nofp\libc_nano.a(libc_a-mallocr.o)
                0x200006bc                __malloc_sbrk_start
 .bss.__malloc_free_list
                0x200006c0        0x4 C:/ST/STM32CubeIDE_1.17.0/STM32CubeIDE/plugins/com.st.stm32cube.ide.mcu.externaltools.gnu-tools-for-stm32.12.3.rel1.win32_1.1.0.202410251130/tools/bin/../lib/gcc/arm-none-eabi/12.3.1/../../../../arm-none-eabi/lib/thumb/v7-m/nofp\libc_nano.a(libc_a-mallocr.o)
                0x200006c0                __malloc_free_list
 *(COMMON)
                0x200006c4                        . = ALIGN (0x4)
                0x200006c4                        _ebss = .
                0x200006c4                        __bss_end__ = _ebss

._user_heap_stack
                0x200006c4      0x604 load address 0x0800b258
                0x200006c8                        . = ALIGN (0x8)
 *fill*         0x200006c4        0x4 
                [!provide]                        PROVIDE (end = .)
                0x200006c8                        PROVIDE (_end = .)
                0x200008c8                        . = (. + _Min_Heap_Size)
 *fill*         0x200006c8      0x200 
                0x20000cc8                        . = (. + _Min_Stack_Size)
 *fill*         0x200008c8      0x400 
                0x20000cc8                        . = ALIGN (0x8)

/DISCARD/
 libc.a(*)
 libm.a(*)
 libgcc.a(*)

.ARM.attributes
                0x00000000       0x29
 *(.ARM.attributes)
 .ARM.attributes
                0x00000000       0x1d C:/ST/STM32CubeIDE_1.17.0/STM32CubeIDE/plugins/com.st.stm32cube.ide.mcu.externaltools.gnu-tools-for-stm32.12.3.rel1.win32_1.1.0.202410251130/tools/bin/../lib/gcc/arm-none-eabi/12.3.1/thumb/v7-m/nofp/crti.o
 .ARM.attributes
                0x0000001d       0x2d C:/ST/STM32CubeIDE_1.17.0/STM32CubeIDE/plugins/com.st.stm32cube.ide.mcu.externaltools.gnu-tools-for-stm32.12.3.rel1.win32_1.1.0.202410251130/tools/bin/../lib/gcc/arm-none-eabi/12.3.1/thumb/v7-m/nofp/crtbegin.o
 .ARM.attributes
                0x0000004a       0x2d Core\Src\main.o
 .ARM.attributes
                0x00000077       0x2d Core\Src\stm32f1xx_hal_msp.o
 .ARM.attributes
                0x000000a4       0x2d Core\Src\stm32f1xx_it.o
 .ARM.attributes
                0x000000d1       0x2d Core\Src\sysmem.o
 .ARM.attributes
                0x000000fe       0x2d Core\Src\system_stm32f1xx.o
 .ARM.attributes
                0x0000012b       0x21 Core\Startup\startup_stm32f103c8tx.o
 .ARM.attributes
                0x0000014c       0x2d Drivers\STM32F1xx_HAL_Driver\Src\stm32f1xx_hal.o
 .ARM.attributes
                0x00000179       0x2d Drivers\STM32F1xx_HAL_Driver\Src\stm32f1xx_hal_cortex.o
 .ARM.attributes
                0x000001a6       0x2d Drivers\STM32F1xx_HAL_Driver\Src\stm32f1xx_hal_gpio.o
 .ARM.attributes
                0x000001d3       0x2d Drivers\STM32F1xx_HAL_Driver\Src\stm32f1xx_hal_i2c.o
 .ARM.attributes
                0x00000200       0x2d Drivers\STM32F1xx_HAL_Driver\Src\stm32f1xx_hal_rcc.o
 .ARM.attributes
                0x0000022d       0x2d Drivers\STM32F1xx_HAL_Driver\Src\stm32f1xx_hal_spi.o
 .ARM.attributes
                0x0000025a       0x2d Drivers\STM32F1xx_HAL_Driver\Src\stm32f1xx_hal_uart.o
 .ARM.attributes
                0x00000287       0x2d libraries\stm32-ssd1306\ssd1306\ssd1306.o
 .ARM.attributes
                0x000002b4       0x2d libraries\stm32-ssd1306\ssd1306\ssd1306_fonts.o
 .ARM.attributes
                0x000002e1       0x2d libraries\stm32-ssd1306\ssd1306\ssd1306_tests.o
 .ARM.attributes
                0x0000030e       0x2d C:/ST/STM32CubeIDE_1.17.0/STM32CubeIDE/plugins/com.st.stm32cube.ide.mcu.externaltools.gnu-tools-for-stm32.12.3.rel1.win32_1.1.0.202410251130/tools/bin/../lib/gcc/arm-none-eabi/12.3.1/../../../../arm-none-eabi/lib/thumb/v7-m/nofp\libm.a(libm_a-sf_cos.o)
 .ARM.attributes
                0x0000033b       0x2d C:/ST/STM32CubeIDE_1.17.0/STM32CubeIDE/plugins/com.st.stm32cube.ide.mcu.externaltools.gnu-tools-for-stm32.12.3.rel1.win32_1.1.0.202410251130/tools/bin/../lib/gcc/arm-none-eabi/12.3.1/../../../../arm-none-eabi/lib/thumb/v7-m/nofp\libm.a(libm_a-sf_sin.o)
 .ARM.attributes
                0x00000368       0x2d C:/ST/STM32CubeIDE_1.17.0/STM32CubeIDE/plugins/com.st.stm32cube.ide.mcu.externaltools.gnu-tools-for-stm32.12.3.rel1.win32_1.1.0.202410251130/tools/bin/../lib/gcc/arm-none-eabi/12.3.1/../../../../arm-none-eabi/lib/thumb/v7-m/nofp\libm.a(libm_a-kf_cos.o)
 .ARM.attributes
                0x00000395       0x2d C:/ST/STM32CubeIDE_1.17.0/STM32CubeIDE/plugins/com.st.stm32cube.ide.mcu.externaltools.gnu-tools-for-stm32.12.3.rel1.win32_1.1.0.202410251130/tools/bin/../lib/gcc/arm-none-eabi/12.3.1/../../../../arm-none-eabi/lib/thumb/v7-m/nofp\libm.a(libm_a-kf_sin.o)
 .ARM.attributes
                0x000003c2       0x2d C:/ST/STM32CubeIDE_1.17.0/STM32CubeIDE/plugins/com.st.stm32cube.ide.mcu.externaltools.gnu-tools-for-stm32.12.3.rel1.win32_1.1.0.202410251130/tools/bin/../lib/gcc/arm-none-eabi/12.3.1/../../../../arm-none-eabi/lib/thumb/v7-m/nofp\libm.a(libm_a-ef_rem_pio2.o)
 .ARM.attributes
                0x000003ef       0x2d C:/ST/STM32CubeIDE_1.17.0/STM32CubeIDE/plugins/com.st.stm32cube.ide.mcu.externaltools.gnu-tools-for-stm32.12.3.rel1.win32_1.1.0.202410251130/tools/bin/../lib/gcc/arm-none-eabi/12.3.1/../../../../arm-none-eabi/lib/thumb/v7-m/nofp\libm.a(libm_a-sf_fabs.o)
 .ARM.attributes
                0x0000041c       0x2d C:/ST/STM32CubeIDE_1.17.0/STM32CubeIDE/plugins/com.st.stm32cube.ide.mcu.externaltools.gnu-tools-for-stm32.12.3.rel1.win32_1.1.0.202410251130/tools/bin/../lib/gcc/arm-none-eabi/12.3.1/../../../../arm-none-eabi/lib/thumb/v7-m/nofp\libm.a(libm_a-kf_rem_pio2.o)
 .ARM.attributes
                0x00000449       0x2d C:/ST/STM32CubeIDE_1.17.0/STM32CubeIDE/plugins/com.st.stm32cube.ide.mcu.externaltools.gnu-tools-for-stm32.12.3.rel1.win32_1.1.0.202410251130/tools/bin/../lib/gcc/arm-none-eabi/12.3.1/../../../../arm-none-eabi/lib/thumb/v7-m/nofp\libm.a(libm_a-sf_scalbn.o)
 .ARM.attributes
                0x00000476       0x2d C:/ST/STM32CubeIDE_1.17.0/STM32CubeIDE/plugins/com.st.stm32cube.ide.mcu.externaltools.gnu-tools-for-stm32.12.3.rel1.win32_1.1.0.202410251130/tools/bin/../lib/gcc/arm-none-eabi/12.3.1/../../../../arm-none-eabi/lib/thumb/v7-m/nofp\libm.a(libm_a-sf_floor.o)
 .ARM.attributes
                0x000004a3       0x2d C:/ST/STM32CubeIDE_1.17.0/STM32CubeIDE/plugins/com.st.stm32cube.ide.mcu.externaltools.gnu-tools-for-stm32.12.3.rel1.win32_1.1.0.202410251130/tools/bin/../lib/gcc/arm-none-eabi/12.3.1/../../../../arm-none-eabi/lib/thumb/v7-m/nofp\libc_nano.a(libc_a-findfp.o)
 .ARM.attributes
                0x000004d0       0x2d C:/ST/STM32CubeIDE_1.17.0/STM32CubeIDE/plugins/com.st.stm32cube.ide.mcu.externaltools.gnu-tools-for-stm32.12.3.rel1.win32_1.1.0.202410251130/tools/bin/../lib/gcc/arm-none-eabi/12.3.1/../../../../arm-none-eabi/lib/thumb/v7-m/nofp\libc_nano.a(libc_a-snprintf.o)
 .ARM.attributes
                0x000004fd       0x2d C:/ST/STM32CubeIDE_1.17.0/STM32CubeIDE/plugins/com.st.stm32cube.ide.mcu.externaltools.gnu-tools-for-stm32.12.3.rel1.win32_1.1.0.202410251130/tools/bin/../lib/gcc/arm-none-eabi/12.3.1/../../../../arm-none-eabi/lib/thumb/v7-m/nofp\libc_nano.a(libc_a-memmove.o)
 .ARM.attributes
                0x0000052a       0x2d C:/ST/STM32CubeIDE_1.17.0/STM32CubeIDE/plugins/com.st.stm32cube.ide.mcu.externaltools.gnu-tools-for-stm32.12.3.rel1.win32_1.1.0.202410251130/tools/bin/../lib/gcc/arm-none-eabi/12.3.1/../../../../arm-none-eabi/lib/thumb/v7-m/nofp\libc_nano.a(libc_a-memset.o)
 .ARM.attributes
                0x00000557       0x2d C:/ST/STM32CubeIDE_1.17.0/STM32CubeIDE/plugins/com.st.stm32cube.ide.mcu.externaltools.gnu-tools-for-stm32.12.3.rel1.win32_1.1.0.202410251130/tools/bin/../lib/gcc/arm-none-eabi/12.3.1/../../../../arm-none-eabi/lib/thumb/v7-m/nofp\libc_nano.a(libc_a-reent.o)
 .ARM.attributes
                0x00000584       0x2d C:/ST/STM32CubeIDE_1.17.0/STM32CubeIDE/plugins/com.st.stm32cube.ide.mcu.externaltools.gnu-tools-for-stm32.12.3.rel1.win32_1.1.0.202410251130/tools/bin/../lib/gcc/arm-none-eabi/12.3.1/../../../../arm-none-eabi/lib/thumb/v7-m/nofp\libc_nano.a(libc_a-impure.o)
 .ARM.attributes
                0x000005b1       0x2d C:/ST/STM32CubeIDE_1.17.0/STM32CubeIDE/plugins/com.st.stm32cube.ide.mcu.externaltools.gnu-tools-for-stm32.12.3.rel1.win32_1.1.0.202410251130/tools/bin/../lib/gcc/arm-none-eabi/12.3.1/../../../../arm-none-eabi/lib/thumb/v7-m/nofp\libc_nano.a(libc_a-errno.o)
 .ARM.attributes
                0x000005de       0x2d C:/ST/STM32CubeIDE_1.17.0/STM32CubeIDE/plugins/com.st.stm32cube.ide.mcu.externaltools.gnu-tools-for-stm32.12.3.rel1.win32_1.1.0.202410251130/tools/bin/../lib/gcc/arm-none-eabi/12.3.1/../../../../arm-none-eabi/lib/thumb/v7-m/nofp\libc_nano.a(libc_a-init.o)
 .ARM.attributes
                0x0000060b       0x2d C:/ST/STM32CubeIDE_1.17.0/STM32CubeIDE/plugins/com.st.stm32cube.ide.mcu.externaltools.gnu-tools-for-stm32.12.3.rel1.win32_1.1.0.202410251130/tools/bin/../lib/gcc/arm-none-eabi/12.3.1/../../../../arm-none-eabi/lib/thumb/v7-m/nofp\libc_nano.a(libc_a-lock.o)
 .ARM.attributes
                0x00000638       0x2d C:/ST/STM32CubeIDE_1.17.0/STM32CubeIDE/plugins/com.st.stm32cube.ide.mcu.externaltools.gnu-tools-for-stm32.12.3.rel1.win32_1.1.0.202410251130/tools/bin/../lib/gcc/arm-none-eabi/12.3.1/../../../../arm-none-eabi/lib/thumb/v7-m/nofp\libc_nano.a(libc_a-memcpy-stub.o)
 .ARM.attributes
                0x00000665       0x2d C:/ST/STM32CubeIDE_1.17.0/STM32CubeIDE/plugins/com.st.stm32cube.ide.mcu.externaltools.gnu-tools-for-stm32.12.3.rel1.win32_1.1.0.202410251130/tools/bin/../lib/gcc/arm-none-eabi/12.3.1/../../../../arm-none-eabi/lib/thumb/v7-m/nofp\libc_nano.a(libc_a-freer.o)
 .ARM.attributes
                0x00000692       0x2d C:/ST/STM32CubeIDE_1.17.0/STM32CubeIDE/plugins/com.st.stm32cube.ide.mcu.externaltools.gnu-tools-for-stm32.12.3.rel1.win32_1.1.0.202410251130/tools/bin/../lib/gcc/arm-none-eabi/12.3.1/../../../../arm-none-eabi/lib/thumb/v7-m/nofp\libc_nano.a(libc_a-mallocr.o)
 .ARM.attributes
                0x000006bf       0x2d C:/ST/STM32CubeIDE_1.17.0/STM32CubeIDE/plugins/com.st.stm32cube.ide.mcu.externaltools.gnu-tools-for-stm32.12.3.rel1.win32_1.1.0.202410251130/tools/bin/../lib/gcc/arm-none-eabi/12.3.1/../../../../arm-none-eabi/lib/thumb/v7-m/nofp\libc_nano.a(libc_a-mlock.o)
 .ARM.attributes
                0x000006ec       0x2d C:/ST/STM32CubeIDE_1.17.0/STM32CubeIDE/plugins/com.st.stm32cube.ide.mcu.externaltools.gnu-tools-for-stm32.12.3.rel1.win32_1.1.0.202410251130/tools/bin/../lib/gcc/arm-none-eabi/12.3.1/../../../../arm-none-eabi/lib/thumb/v7-m/nofp\libc_nano.a(libc_a-nano-svfprintf.o)
 .ARM.attributes
                0x00000719       0x2d C:/ST/STM32CubeIDE_1.17.0/STM32CubeIDE/plugins/com.st.stm32cube.ide.mcu.externaltools.gnu-tools-for-stm32.12.3.rel1.win32_1.1.0.202410251130/tools/bin/../lib/gcc/arm-none-eabi/12.3.1/../../../../arm-none-eabi/lib/thumb/v7-m/nofp\libc_nano.a(libc_a-nano-vfprintf_i.o)
 .ARM.attributes
                0x00000746       0x2d C:/ST/STM32CubeIDE_1.17.0/STM32CubeIDE/plugins/com.st.stm32cube.ide.mcu.externaltools.gnu-tools-for-stm32.12.3.rel1.win32_1.1.0.202410251130/tools/bin/../lib/gcc/arm-none-eabi/12.3.1/../../../../arm-none-eabi/lib/thumb/v7-m/nofp\libc_nano.a(libc_a-sbrkr.o)
 .ARM.attributes
                0x00000773       0x2d C:/ST/STM32CubeIDE_1.17.0/STM32CubeIDE/plugins/com.st.stm32cube.ide.mcu.externaltools.gnu-tools-for-stm32.12.3.rel1.win32_1.1.0.202410251130/tools/bin/../lib/gcc/arm-none-eabi/12.3.1/../../../../arm-none-eabi/lib/thumb/v7-m/nofp\libc_nano.a(libc_a-memchr-stub.o)
 .ARM.attributes
                0x000007a0       0x2d C:/ST/STM32CubeIDE_1.17.0/STM32CubeIDE/plugins/com.st.stm32cube.ide.mcu.externaltools.gnu-tools-for-stm32.12.3.rel1.win32_1.1.0.202410251130/tools/bin/../lib/gcc/arm-none-eabi/12.3.1/../../../../arm-none-eabi/lib/thumb/v7-m/nofp\libc_nano.a(libc_a-reallocr.o)
 .ARM.attributes
                0x000007cd       0x2d C:/ST/STM32CubeIDE_1.17.0/STM32CubeIDE/plugins/com.st.stm32cube.ide.mcu.externaltools.gnu-tools-for-stm32.12.3.rel1.win32_1.1.0.202410251130/tools/bin/../lib/gcc/arm-none-eabi/12.3.1/../../../../arm-none-eabi/lib/thumb/v7-m/nofp\libc_nano.a(libc_a-msizer.o)
 .ARM.attributes
                0x000007fa       0x1d C:/ST/STM32CubeIDE_1.17.0/STM32CubeIDE/plugins/com.st.stm32cube.ide.mcu.externaltools.gnu-tools-for-stm32.12.3.rel1.win32_1.1.0.202410251130/tools/bin/../lib/gcc/arm-none-eabi/12.3.1/thumb/v7-m/nofp\libgcc.a(_arm_addsubdf3.o)
 .ARM.attributes
                0x00000817       0x1d C:/ST/STM32CubeIDE_1.17.0/STM32CubeIDE/plugins/com.st.stm32cube.ide.mcu.externaltools.gnu-tools-for-stm32.12.3.rel1.win32_1.1.0.202410251130/tools/bin/../lib/gcc/arm-none-eabi/12.3.1/thumb/v7-m/nofp\libgcc.a(_arm_muldivdf3.o)
 .ARM.attributes
                0x00000834       0x1d C:/ST/STM32CubeIDE_1.17.0/STM32CubeIDE/plugins/com.st.stm32cube.ide.mcu.externaltools.gnu-tools-for-stm32.12.3.rel1.win32_1.1.0.202410251130/tools/bin/../lib/gcc/arm-none-eabi/12.3.1/thumb/v7-m/nofp\libgcc.a(_arm_fixdfsi.o)
 .ARM.attributes
                0x00000851       0x1d C:/ST/STM32CubeIDE_1.17.0/STM32CubeIDE/plugins/com.st.stm32cube.ide.mcu.externaltools.gnu-tools-for-stm32.12.3.rel1.win32_1.1.0.202410251130/tools/bin/../lib/gcc/arm-none-eabi/12.3.1/thumb/v7-m/nofp\libgcc.a(_arm_addsubsf3.o)
 .ARM.attributes
                0x0000086e       0x1d C:/ST/STM32CubeIDE_1.17.0/STM32CubeIDE/plugins/com.st.stm32cube.ide.mcu.externaltools.gnu-tools-for-stm32.12.3.rel1.win32_1.1.0.202410251130/tools/bin/../lib/gcc/arm-none-eabi/12.3.1/thumb/v7-m/nofp\libgcc.a(_arm_muldivsf3.o)
 .ARM.attributes
                0x0000088b       0x1d C:/ST/STM32CubeIDE_1.17.0/STM32CubeIDE/plugins/com.st.stm32cube.ide.mcu.externaltools.gnu-tools-for-stm32.12.3.rel1.win32_1.1.0.202410251130/tools/bin/../lib/gcc/arm-none-eabi/12.3.1/thumb/v7-m/nofp\libgcc.a(_arm_cmpsf2.o)
 .ARM.attributes
                0x000008a8       0x1d C:/ST/STM32CubeIDE_1.17.0/STM32CubeIDE/plugins/com.st.stm32cube.ide.mcu.externaltools.gnu-tools-for-stm32.12.3.rel1.win32_1.1.0.202410251130/tools/bin/../lib/gcc/arm-none-eabi/12.3.1/thumb/v7-m/nofp\libgcc.a(_arm_fixsfsi.o)
 .ARM.attributes
                0x000008c5       0x1d C:/ST/STM32CubeIDE_1.17.0/STM32CubeIDE/plugins/com.st.stm32cube.ide.mcu.externaltools.gnu-tools-for-stm32.12.3.rel1.win32_1.1.0.202410251130/tools/bin/../lib/gcc/arm-none-eabi/12.3.1/thumb/v7-m/nofp/crtn.o
OUTPUT(APE_Final_Project1 elf32-littlearm)
LOAD linker stubs
LOAD C:/ST/STM32CubeIDE_1.17.0/STM32CubeIDE/plugins/com.st.stm32cube.ide.mcu.externaltools.gnu-tools-for-stm32.12.3.rel1.win32_1.1.0.202410251130/tools/bin/../lib/gcc/arm-none-eabi/12.3.1/../../../../arm-none-eabi/lib/thumb/v7-m/nofp\libc.a
LOAD C:/ST/STM32CubeIDE_1.17.0/STM32CubeIDE/plugins/com.st.stm32cube.ide.mcu.externaltools.gnu-tools-for-stm32.12.3.rel1.win32_1.1.0.202410251130/tools/bin/../lib/gcc/arm-none-eabi/12.3.1/../../../../arm-none-eabi/lib/thumb/v7-m/nofp\libm.a
LOAD C:/ST/STM32CubeIDE_1.17.0/STM32CubeIDE/plugins/com.st.stm32cube.ide.mcu.externaltools.gnu-tools-for-stm32.12.3.rel1.win32_1.1.0.202410251130/tools/bin/../lib/gcc/arm-none-eabi/12.3.1/thumb/v7-m/nofp\libgcc.a

.debug_info     0x00000000     0xc431
 .debug_info    0x00000000      0xede Core\Src\main.o
 .debug_info    0x00000ede      0xdf8 Core\Src\stm32f1xx_hal_msp.o
 .debug_info    0x00001cd6      0x10f Core\Src\stm32f1xx_it.o
 .debug_info    0x00001de5      0x164 Core\Src\sysmem.o
 .debug_info    0x00001f49      0x21e Core\Src\system_stm32f1xx.o
 .debug_info    0x00002167       0x30 Core\Startup\startup_stm32f103c8tx.o
 .debug_info    0x00002197      0x700 Drivers\STM32F1xx_HAL_Driver\Src\stm32f1xx_hal.o
 .debug_info    0x00002897      0xa83 Drivers\STM32F1xx_HAL_Driver\Src\stm32f1xx_hal_cortex.o
 .debug_info    0x0000331a      0x5a7 Drivers\STM32F1xx_HAL_Driver\Src\stm32f1xx_hal_gpio.o
 .debug_info    0x000038c1     0x2520 Drivers\STM32F1xx_HAL_Driver\Src\stm32f1xx_hal_i2c.o
 .debug_info    0x00005de1      0x7d1 Drivers\STM32F1xx_HAL_Driver\Src\stm32f1xx_hal_rcc.o
 .debug_info    0x000065b2     0x1429 Drivers\STM32F1xx_HAL_Driver\Src\stm32f1xx_hal_spi.o
 .debug_info    0x000079db     0x2ee9 Drivers\STM32F1xx_HAL_Driver\Src\stm32f1xx_hal_uart.o
 .debug_info    0x0000a8c4     0x1227 libraries\stm32-ssd1306\ssd1306\ssd1306.o
 .debug_info    0x0000baeb      0x2a0 libraries\stm32-ssd1306\ssd1306\ssd1306_fonts.o
 .debug_info    0x0000bd8b      0x6a6 libraries\stm32-ssd1306\ssd1306\ssd1306_tests.o

.debug_abbrev   0x00000000     0x1ef5
 .debug_abbrev  0x00000000      0x27c Core\Src\main.o
 .debug_abbrev  0x0000027c      0x1d6 Core\Src\stm32f1xx_hal_msp.o
 .debug_abbrev  0x00000452       0x71 Core\Src\stm32f1xx_it.o
 .debug_abbrev  0x000004c3       0xba Core\Src\sysmem.o
 .debug_abbrev  0x0000057d      0x13d Core\Src\system_stm32f1xx.o
 .debug_abbrev  0x000006ba       0x24 Core\Startup\startup_stm32f103c8tx.o
 .debug_abbrev  0x000006de      0x1ff Drivers\STM32F1xx_HAL_Driver\Src\stm32f1xx_hal.o
 .debug_abbrev  0x000008dd      0x2f6 Drivers\STM32F1xx_HAL_Driver\Src\stm32f1xx_hal_cortex.o
 .debug_abbrev  0x00000bd3      0x1c8 Drivers\STM32F1xx_HAL_Driver\Src\stm32f1xx_hal_gpio.o
 .debug_abbrev  0x00000d9b      0x2a1 Drivers\STM32F1xx_HAL_Driver\Src\stm32f1xx_hal_i2c.o
 .debug_abbrev  0x0000103c      0x2b1 Drivers\STM32F1xx_HAL_Driver\Src\stm32f1xx_hal_rcc.o
 .debug_abbrev  0x000012ed      0x278 Drivers\STM32F1xx_HAL_Driver\Src\stm32f1xx_hal_spi.o
 .debug_abbrev  0x00001565      0x2f6 Drivers\STM32F1xx_HAL_Driver\Src\stm32f1xx_hal_uart.o
 .debug_abbrev  0x0000185b      0x36f libraries\stm32-ssd1306\ssd1306\ssd1306.o
 .debug_abbrev  0x00001bca       0xcd libraries\stm32-ssd1306\ssd1306\ssd1306_fonts.o
 .debug_abbrev  0x00001c97      0x25e libraries\stm32-ssd1306\ssd1306\ssd1306_tests.o

.debug_aranges  0x00000000      0xc40
 .debug_aranges
                0x00000000       0x50 Core\Src\main.o
 .debug_aranges
                0x00000050       0x50 Core\Src\stm32f1xx_hal_msp.o
 .debug_aranges
                0x000000a0       0x60 Core\Src\stm32f1xx_it.o
 .debug_aranges
                0x00000100       0x20 Core\Src\sysmem.o
 .debug_aranges
                0x00000120       0x28 Core\Src\system_stm32f1xx.o
 .debug_aranges
                0x00000148       0x28 Core\Startup\startup_stm32f103c8tx.o
 .debug_aranges
                0x00000170       0xe0 Drivers\STM32F1xx_HAL_Driver\Src\stm32f1xx_hal.o
 .debug_aranges
                0x00000250      0x100 Drivers\STM32F1xx_HAL_Driver\Src\stm32f1xx_hal_cortex.o
 .debug_aranges
                0x00000350       0x58 Drivers\STM32F1xx_HAL_Driver\Src\stm32f1xx_hal_gpio.o
 .debug_aranges
                0x000003a8      0x2a8 Drivers\STM32F1xx_HAL_Driver\Src\stm32f1xx_hal_i2c.o
 .debug_aranges
                0x00000650       0x90 Drivers\STM32F1xx_HAL_Driver\Src\stm32f1xx_hal_rcc.o
 .debug_aranges
                0x000006e0      0x1d0 Drivers\STM32F1xx_HAL_Driver\Src\stm32f1xx_hal_spi.o
 .debug_aranges
                0x000008b0      0x208 Drivers\STM32F1xx_HAL_Driver\Src\stm32f1xx_hal_uart.o
 .debug_aranges
                0x00000ab8       0xe8 libraries\stm32-ssd1306\ssd1306\ssd1306.o
 .debug_aranges
                0x00000ba0       0x18 libraries\stm32-ssd1306\ssd1306\ssd1306_fonts.o
 .debug_aranges
                0x00000bb8       0x88 libraries\stm32-ssd1306\ssd1306\ssd1306_tests.o

.debug_rnglists
                0x00000000      0x984
 .debug_rnglists
                0x00000000       0x38 Core\Src\main.o
 .debug_rnglists
                0x00000038       0x39 Core\Src\stm32f1xx_hal_msp.o
 .debug_rnglists
                0x00000071       0x43 Core\Src\stm32f1xx_it.o
 .debug_rnglists
                0x000000b4       0x13 Core\Src\sysmem.o
 .debug_rnglists
                0x000000c7       0x1a Core\Src\system_stm32f1xx.o
 .debug_rnglists
                0x000000e1       0x19 Core\Startup\startup_stm32f103c8tx.o
 .debug_rnglists
                0x000000fa       0xa3 Drivers\STM32F1xx_HAL_Driver\Src\stm32f1xx_hal.o
 .debug_rnglists
                0x0000019d       0xbb Drivers\STM32F1xx_HAL_Driver\Src\stm32f1xx_hal_cortex.o
 .debug_rnglists
                0x00000258       0x3f Drivers\STM32F1xx_HAL_Driver\Src\stm32f1xx_hal_gpio.o
 .debug_rnglists
                0x00000297      0x23c Drivers\STM32F1xx_HAL_Driver\Src\stm32f1xx_hal_i2c.o
 .debug_rnglists
                0x000004d3       0x6c Drivers\STM32F1xx_HAL_Driver\Src\stm32f1xx_hal_rcc.o
 .debug_rnglists
                0x0000053f      0x16e Drivers\STM32F1xx_HAL_Driver\Src\stm32f1xx_hal_spi.o
 .debug_rnglists
                0x000006ad      0x1bc Drivers\STM32F1xx_HAL_Driver\Src\stm32f1xx_hal_uart.o
 .debug_rnglists
                0x00000869       0xb4 libraries\stm32-ssd1306\ssd1306\ssd1306.o
 .debug_rnglists
                0x0000091d       0x67 libraries\stm32-ssd1306\ssd1306\ssd1306_tests.o

.debug_line     0x00000000     0xbbe4
 .debug_line    0x00000000      0x573 Core\Src\main.o
 .debug_line    0x00000573      0x416 Core\Src\stm32f1xx_hal_msp.o
 .debug_line    0x00000989      0x140 Core\Src\stm32f1xx_it.o
 .debug_line    0x00000ac9      0x329 Core\Src\sysmem.o
 .debug_line    0x00000df2      0x323 Core\Src\system_stm32f1xx.o
 .debug_line    0x00001115       0x78 Core\Startup\startup_stm32f103c8tx.o
 .debug_line    0x0000118d      0x5d0 Drivers\STM32F1xx_HAL_Driver\Src\stm32f1xx_hal.o
 .debug_line    0x0000175d      0x74d Drivers\STM32F1xx_HAL_Driver\Src\stm32f1xx_hal_cortex.o
 .debug_line    0x00001eaa      0x617 Drivers\STM32F1xx_HAL_Driver\Src\stm32f1xx_hal_gpio.o
 .debug_line    0x000024c1     0x38a8 Drivers\STM32F1xx_HAL_Driver\Src\stm32f1xx_hal_i2c.o
 .debug_line    0x00005d69      0x9f0 Drivers\STM32F1xx_HAL_Driver\Src\stm32f1xx_hal_rcc.o
 .debug_line    0x00006759     0x18f0 Drivers\STM32F1xx_HAL_Driver\Src\stm32f1xx_hal_spi.o
 .debug_line    0x00008049     0x24d5 Drivers\STM32F1xx_HAL_Driver\Src\stm32f1xx_hal_uart.o
 .debug_line    0x0000a51e      0xd65 libraries\stm32-ssd1306\ssd1306\ssd1306.o
 .debug_line    0x0000b283      0x252 libraries\stm32-ssd1306\ssd1306\ssd1306_fonts.o
 .debug_line    0x0000b4d5      0x70f libraries\stm32-ssd1306\ssd1306\ssd1306_tests.o

.debug_str      0x00000000     0x35bd
 .debug_str     0x00000000      0xbb4 Core\Src\main.o
                                0xc9e (size before relaxing)
 .debug_str     0x00000bb4       0xe2 Core\Src\stm32f1xx_hal_msp.o
                                0xb00 (size before relaxing)
 .debug_str     0x00000c96       0xb7 Core\Src\stm32f1xx_it.o
                                0x23b (size before relaxing)
 .debug_str     0x00000d4d       0x7d Core\Src\sysmem.o
                                0x231 (size before relaxing)
 .debug_str     0x00000dca       0x7e Core\Src\system_stm32f1xx.o
                                0x26d (size before relaxing)
 .debug_str     0x00000e48       0x44 Core\Startup\startup_stm32f103c8tx.o
                                 0x8c (size before relaxing)
 .debug_str     0x00000e8c      0x5e6 Drivers\STM32F1xx_HAL_Driver\Src\stm32f1xx_hal.o
                                0x847 (size before relaxing)
 .debug_str     0x00001472      0x3bb Drivers\STM32F1xx_HAL_Driver\Src\stm32f1xx_hal_cortex.o
                                0x8ec (size before relaxing)
 .debug_str     0x0000182d      0x10c Drivers\STM32F1xx_HAL_Driver\Src\stm32f1xx_hal_gpio.o
                                0x419 (size before relaxing)
 .debug_str     0x00001939      0x8fc Drivers\STM32F1xx_HAL_Driver\Src\stm32f1xx_hal_i2c.o
                                0xfde (size before relaxing)
 .debug_str     0x00002235      0x1d4 Drivers\STM32F1xx_HAL_Driver\Src\stm32f1xx_hal_rcc.o
                                0x644 (size before relaxing)
 .debug_str     0x00002409      0x516 Drivers\STM32F1xx_HAL_Driver\Src\stm32f1xx_hal_spi.o
                                0xb7a (size before relaxing)
 .debug_str     0x0000291f      0x61f Drivers\STM32F1xx_HAL_Driver\Src\stm32f1xx_hal_uart.o
                                0xd0d (size before relaxing)
 .debug_str     0x00002f3e      0x448 libraries\stm32-ssd1306\ssd1306\ssd1306.o
                                0xb16 (size before relaxing)
 .debug_str     0x00003386       0xab libraries\stm32-ssd1306\ssd1306\ssd1306_fonts.o
                                0x281 (size before relaxing)
 .debug_str     0x00003431      0x18c libraries\stm32-ssd1306\ssd1306\ssd1306_tests.o
                                0x56d (size before relaxing)

.comment        0x00000000       0x43
 .comment       0x00000000       0x43 Core\Src\main.o
                                 0x44 (size before relaxing)
 .comment       0x00000043       0x44 Core\Src\stm32f1xx_hal_msp.o
 .comment       0x00000043       0x44 Core\Src\stm32f1xx_it.o
 .comment       0x00000043       0x44 Core\Src\sysmem.o
 .comment       0x00000043       0x44 Core\Src\system_stm32f1xx.o
 .comment       0x00000043       0x44 Drivers\STM32F1xx_HAL_Driver\Src\stm32f1xx_hal.o
 .comment       0x00000043       0x44 Drivers\STM32F1xx_HAL_Driver\Src\stm32f1xx_hal_cortex.o
 .comment       0x00000043       0x44 Drivers\STM32F1xx_HAL_Driver\Src\stm32f1xx_hal_gpio.o
 .comment       0x00000043       0x44 Drivers\STM32F1xx_HAL_Driver\Src\stm32f1xx_hal_i2c.o
 .comment       0x00000043       0x44 Drivers\STM32F1xx_HAL_Driver\Src\stm32f1xx_hal_rcc.o
 .comment       0x00000043       0x44 Drivers\STM32F1xx_HAL_Driver\Src\stm32f1xx_hal_spi.o
 .comment       0x00000043       0x44 Drivers\STM32F1xx_HAL_Driver\Src\stm32f1xx_hal_uart.o
 .comment       0x00000043       0x44 libraries\stm32-ssd1306\ssd1306\ssd1306.o
 .comment       0x00000043       0x44 libraries\stm32-ssd1306\ssd1306\ssd1306_fonts.o
 .comment       0x00000043       0x44 libraries\stm32-ssd1306\ssd1306\ssd1306_tests.o

.debug_frame    0x00000000     0x3c40
 .debug_frame   0x00000000       0xe0 Core\Src\main.o
 .debug_frame   0x000000e0      0x110 Core\Src\stm32f1xx_hal_msp.o
 .debug_frame   0x000001f0      0x104 Core\Src\stm32f1xx_it.o
 .debug_frame   0x000002f4       0x34 Core\Src\sysmem.o
 .debug_frame   0x00000328       0x58 Core\Src\system_stm32f1xx.o
 .debug_frame   0x00000380      0x334 Drivers\STM32F1xx_HAL_Driver\Src\stm32f1xx_hal.o
 .debug_frame   0x000006b4      0x428 Drivers\STM32F1xx_HAL_Driver\Src\stm32f1xx_hal_cortex.o
 .debug_frame   0x00000adc      0x14c Drivers\STM32F1xx_HAL_Driver\Src\stm32f1xx_hal_gpio.o
 .debug_frame   0x00000c28      0xc84 Drivers\STM32F1xx_HAL_Driver\Src\stm32f1xx_hal_i2c.o
 .debug_frame   0x000018ac      0x218 Drivers\STM32F1xx_HAL_Driver\Src\stm32f1xx_hal_rcc.o
 .debug_frame   0x00001ac4      0x824 Drivers\STM32F1xx_HAL_Driver\Src\stm32f1xx_hal_spi.o
 .debug_frame   0x000022e8      0x944 Drivers\STM32F1xx_HAL_Driver\Src\stm32f1xx_hal_uart.o
 .debug_frame   0x00002c2c      0x3e0 libraries\stm32-ssd1306\ssd1306\ssd1306.o
 .debug_frame   0x0000300c      0x218 libraries\stm32-ssd1306\ssd1306\ssd1306_tests.o
 .debug_frame   0x00003224       0x38 C:/ST/STM32CubeIDE_1.17.0/STM32CubeIDE/plugins/com.st.stm32cube.ide.mcu.externaltools.gnu-tools-for-stm32.12.3.rel1.win32_1.1.0.202410251130/tools/bin/../lib/gcc/arm-none-eabi/12.3.1/../../../../arm-none-eabi/lib/thumb/v7-m/nofp\libm.a(libm_a-sf_cos.o)
 .debug_frame   0x0000325c       0x38 C:/ST/STM32CubeIDE_1.17.0/STM32CubeIDE/plugins/com.st.stm32cube.ide.mcu.externaltools.gnu-tools-for-stm32.12.3.rel1.win32_1.1.0.202410251130/tools/bin/../lib/gcc/arm-none-eabi/12.3.1/../../../../arm-none-eabi/lib/thumb/v7-m/nofp\libm.a(libm_a-sf_sin.o)
 .debug_frame   0x00003294       0x30 C:/ST/STM32CubeIDE_1.17.0/STM32CubeIDE/plugins/com.st.stm32cube.ide.mcu.externaltools.gnu-tools-for-stm32.12.3.rel1.win32_1.1.0.202410251130/tools/bin/../lib/gcc/arm-none-eabi/12.3.1/../../../../arm-none-eabi/lib/thumb/v7-m/nofp\libm.a(libm_a-kf_cos.o)
 .debug_frame   0x000032c4       0x34 C:/ST/STM32CubeIDE_1.17.0/STM32CubeIDE/plugins/com.st.stm32cube.ide.mcu.externaltools.gnu-tools-for-stm32.12.3.rel1.win32_1.1.0.202410251130/tools/bin/../lib/gcc/arm-none-eabi/12.3.1/../../../../arm-none-eabi/lib/thumb/v7-m/nofp\libm.a(libm_a-kf_sin.o)
 .debug_frame   0x000032f8       0x40 C:/ST/STM32CubeIDE_1.17.0/STM32CubeIDE/plugins/com.st.stm32cube.ide.mcu.externaltools.gnu-tools-for-stm32.12.3.rel1.win32_1.1.0.202410251130/tools/bin/../lib/gcc/arm-none-eabi/12.3.1/../../../../arm-none-eabi/lib/thumb/v7-m/nofp\libm.a(libm_a-ef_rem_pio2.o)
 .debug_frame   0x00003338       0x20 C:/ST/STM32CubeIDE_1.17.0/STM32CubeIDE/plugins/com.st.stm32cube.ide.mcu.externaltools.gnu-tools-for-stm32.12.3.rel1.win32_1.1.0.202410251130/tools/bin/../lib/gcc/arm-none-eabi/12.3.1/../../../../arm-none-eabi/lib/thumb/v7-m/nofp\libm.a(libm_a-sf_fabs.o)
 .debug_frame   0x00003358       0x44 C:/ST/STM32CubeIDE_1.17.0/STM32CubeIDE/plugins/com.st.stm32cube.ide.mcu.externaltools.gnu-tools-for-stm32.12.3.rel1.win32_1.1.0.202410251130/tools/bin/../lib/gcc/arm-none-eabi/12.3.1/../../../../arm-none-eabi/lib/thumb/v7-m/nofp\libm.a(libm_a-kf_rem_pio2.o)
 .debug_frame   0x0000339c       0x2c C:/ST/STM32CubeIDE_1.17.0/STM32CubeIDE/plugins/com.st.stm32cube.ide.mcu.externaltools.gnu-tools-for-stm32.12.3.rel1.win32_1.1.0.202410251130/tools/bin/../lib/gcc/arm-none-eabi/12.3.1/../../../../arm-none-eabi/lib/thumb/v7-m/nofp\libm.a(libm_a-sf_scalbn.o)
 .debug_frame   0x000033c8       0x2c C:/ST/STM32CubeIDE_1.17.0/STM32CubeIDE/plugins/com.st.stm32cube.ide.mcu.externaltools.gnu-tools-for-stm32.12.3.rel1.win32_1.1.0.202410251130/tools/bin/../lib/gcc/arm-none-eabi/12.3.1/../../../../arm-none-eabi/lib/thumb/v7-m/nofp\libm.a(libm_a-sf_floor.o)
 .debug_frame   0x000033f4      0x144 C:/ST/STM32CubeIDE_1.17.0/STM32CubeIDE/plugins/com.st.stm32cube.ide.mcu.externaltools.gnu-tools-for-stm32.12.3.rel1.win32_1.1.0.202410251130/tools/bin/../lib/gcc/arm-none-eabi/12.3.1/../../../../arm-none-eabi/lib/thumb/v7-m/nofp\libc_nano.a(libc_a-findfp.o)
 .debug_frame   0x00003538       0x7c C:/ST/STM32CubeIDE_1.17.0/STM32CubeIDE/plugins/com.st.stm32cube.ide.mcu.externaltools.gnu-tools-for-stm32.12.3.rel1.win32_1.1.0.202410251130/tools/bin/../lib/gcc/arm-none-eabi/12.3.1/../../../../arm-none-eabi/lib/thumb/v7-m/nofp\libc_nano.a(libc_a-snprintf.o)
 .debug_frame   0x000035b4       0x28 C:/ST/STM32CubeIDE_1.17.0/STM32CubeIDE/plugins/com.st.stm32cube.ide.mcu.externaltools.gnu-tools-for-stm32.12.3.rel1.win32_1.1.0.202410251130/tools/bin/../lib/gcc/arm-none-eabi/12.3.1/../../../../arm-none-eabi/lib/thumb/v7-m/nofp\libc_nano.a(libc_a-memmove.o)
 .debug_frame   0x000035dc       0x20 C:/ST/STM32CubeIDE_1.17.0/STM32CubeIDE/plugins/com.st.stm32cube.ide.mcu.externaltools.gnu-tools-for-stm32.12.3.rel1.win32_1.1.0.202410251130/tools/bin/../lib/gcc/arm-none-eabi/12.3.1/../../../../arm-none-eabi/lib/thumb/v7-m/nofp\libc_nano.a(libc_a-memset.o)
 .debug_frame   0x000035fc       0x38 C:/ST/STM32CubeIDE_1.17.0/STM32CubeIDE/plugins/com.st.stm32cube.ide.mcu.externaltools.gnu-tools-for-stm32.12.3.rel1.win32_1.1.0.202410251130/tools/bin/../lib/gcc/arm-none-eabi/12.3.1/../../../../arm-none-eabi/lib/thumb/v7-m/nofp\libc_nano.a(libc_a-reent.o)
 .debug_frame   0x00003634       0x20 C:/ST/STM32CubeIDE_1.17.0/STM32CubeIDE/plugins/com.st.stm32cube.ide.mcu.externaltools.gnu-tools-for-stm32.12.3.rel1.win32_1.1.0.202410251130/tools/bin/../lib/gcc/arm-none-eabi/12.3.1/../../../../arm-none-eabi/lib/thumb/v7-m/nofp\libc_nano.a(libc_a-errno.o)
 .debug_frame   0x00003654       0x2c C:/ST/STM32CubeIDE_1.17.0/STM32CubeIDE/plugins/com.st.stm32cube.ide.mcu.externaltools.gnu-tools-for-stm32.12.3.rel1.win32_1.1.0.202410251130/tools/bin/../lib/gcc/arm-none-eabi/12.3.1/../../../../arm-none-eabi/lib/thumb/v7-m/nofp\libc_nano.a(libc_a-init.o)
 .debug_frame   0x00003680       0xb0 C:/ST/STM32CubeIDE_1.17.0/STM32CubeIDE/plugins/com.st.stm32cube.ide.mcu.externaltools.gnu-tools-for-stm32.12.3.rel1.win32_1.1.0.202410251130/tools/bin/../lib/gcc/arm-none-eabi/12.3.1/../../../../arm-none-eabi/lib/thumb/v7-m/nofp\libc_nano.a(libc_a-lock.o)
 .debug_frame   0x00003730       0x28 C:/ST/STM32CubeIDE_1.17.0/STM32CubeIDE/plugins/com.st.stm32cube.ide.mcu.externaltools.gnu-tools-for-stm32.12.3.rel1.win32_1.1.0.202410251130/tools/bin/../lib/gcc/arm-none-eabi/12.3.1/../../../../arm-none-eabi/lib/thumb/v7-m/nofp\libc_nano.a(libc_a-memcpy-stub.o)
 .debug_frame   0x00003758       0x38 C:/ST/STM32CubeIDE_1.17.0/STM32CubeIDE/plugins/com.st.stm32cube.ide.mcu.externaltools.gnu-tools-for-stm32.12.3.rel1.win32_1.1.0.202410251130/tools/bin/../lib/gcc/arm-none-eabi/12.3.1/../../../../arm-none-eabi/lib/thumb/v7-m/nofp\libc_nano.a(libc_a-freer.o)
 .debug_frame   0x00003790       0x50 C:/ST/STM32CubeIDE_1.17.0/STM32CubeIDE/plugins/com.st.stm32cube.ide.mcu.externaltools.gnu-tools-for-stm32.12.3.rel1.win32_1.1.0.202410251130/tools/bin/../lib/gcc/arm-none-eabi/12.3.1/../../../../arm-none-eabi/lib/thumb/v7-m/nofp\libc_nano.a(libc_a-mallocr.o)
 .debug_frame   0x000037e0       0x30 C:/ST/STM32CubeIDE_1.17.0/STM32CubeIDE/plugins/com.st.stm32cube.ide.mcu.externaltools.gnu-tools-for-stm32.12.3.rel1.win32_1.1.0.202410251130/tools/bin/../lib/gcc/arm-none-eabi/12.3.1/../../../../arm-none-eabi/lib/thumb/v7-m/nofp\libc_nano.a(libc_a-mlock.o)
 .debug_frame   0x00003810       0x90 C:/ST/STM32CubeIDE_1.17.0/STM32CubeIDE/plugins/com.st.stm32cube.ide.mcu.externaltools.gnu-tools-for-stm32.12.3.rel1.win32_1.1.0.202410251130/tools/bin/../lib/gcc/arm-none-eabi/12.3.1/../../../../arm-none-eabi/lib/thumb/v7-m/nofp\libc_nano.a(libc_a-nano-svfprintf.o)
 .debug_frame   0x000038a0       0x60 C:/ST/STM32CubeIDE_1.17.0/STM32CubeIDE/plugins/com.st.stm32cube.ide.mcu.externaltools.gnu-tools-for-stm32.12.3.rel1.win32_1.1.0.202410251130/tools/bin/../lib/gcc/arm-none-eabi/12.3.1/../../../../arm-none-eabi/lib/thumb/v7-m/nofp\libc_nano.a(libc_a-nano-vfprintf_i.o)
 .debug_frame   0x00003900       0x2c C:/ST/STM32CubeIDE_1.17.0/STM32CubeIDE/plugins/com.st.stm32cube.ide.mcu.externaltools.gnu-tools-for-stm32.12.3.rel1.win32_1.1.0.202410251130/tools/bin/../lib/gcc/arm-none-eabi/12.3.1/../../../../arm-none-eabi/lib/thumb/v7-m/nofp\libc_nano.a(libc_a-sbrkr.o)
 .debug_frame   0x0000392c       0x28 C:/ST/STM32CubeIDE_1.17.0/STM32CubeIDE/plugins/com.st.stm32cube.ide.mcu.externaltools.gnu-tools-for-stm32.12.3.rel1.win32_1.1.0.202410251130/tools/bin/../lib/gcc/arm-none-eabi/12.3.1/../../../../arm-none-eabi/lib/thumb/v7-m/nofp\libc_nano.a(libc_a-memchr-stub.o)
 .debug_frame   0x00003954       0x3c C:/ST/STM32CubeIDE_1.17.0/STM32CubeIDE/plugins/com.st.stm32cube.ide.mcu.externaltools.gnu-tools-for-stm32.12.3.rel1.win32_1.1.0.202410251130/tools/bin/../lib/gcc/arm-none-eabi/12.3.1/../../../../arm-none-eabi/lib/thumb/v7-m/nofp\libc_nano.a(libc_a-reallocr.o)
 .debug_frame   0x00003990       0x20 C:/ST/STM32CubeIDE_1.17.0/STM32CubeIDE/plugins/com.st.stm32cube.ide.mcu.externaltools.gnu-tools-for-stm32.12.3.rel1.win32_1.1.0.202410251130/tools/bin/../lib/gcc/arm-none-eabi/12.3.1/../../../../arm-none-eabi/lib/thumb/v7-m/nofp\libc_nano.a(libc_a-msizer.o)
 .debug_frame   0x000039b0       0xac C:/ST/STM32CubeIDE_1.17.0/STM32CubeIDE/plugins/com.st.stm32cube.ide.mcu.externaltools.gnu-tools-for-stm32.12.3.rel1.win32_1.1.0.202410251130/tools/bin/../lib/gcc/arm-none-eabi/12.3.1/thumb/v7-m/nofp\libgcc.a(_arm_addsubdf3.o)
 .debug_frame   0x00003a5c       0x50 C:/ST/STM32CubeIDE_1.17.0/STM32CubeIDE/plugins/com.st.stm32cube.ide.mcu.externaltools.gnu-tools-for-stm32.12.3.rel1.win32_1.1.0.202410251130/tools/bin/../lib/gcc/arm-none-eabi/12.3.1/thumb/v7-m/nofp\libgcc.a(_arm_muldivdf3.o)
 .debug_frame   0x00003aac       0x24 C:/ST/STM32CubeIDE_1.17.0/STM32CubeIDE/plugins/com.st.stm32cube.ide.mcu.externaltools.gnu-tools-for-stm32.12.3.rel1.win32_1.1.0.202410251130/tools/bin/../lib/gcc/arm-none-eabi/12.3.1/thumb/v7-m/nofp\libgcc.a(_arm_fixdfsi.o)
 .debug_frame   0x00003ad0       0x4c C:/ST/STM32CubeIDE_1.17.0/STM32CubeIDE/plugins/com.st.stm32cube.ide.mcu.externaltools.gnu-tools-for-stm32.12.3.rel1.win32_1.1.0.202410251130/tools/bin/../lib/gcc/arm-none-eabi/12.3.1/thumb/v7-m/nofp\libgcc.a(_arm_addsubsf3.o)
 .debug_frame   0x00003b1c       0x38 C:/ST/STM32CubeIDE_1.17.0/STM32CubeIDE/plugins/com.st.stm32cube.ide.mcu.externaltools.gnu-tools-for-stm32.12.3.rel1.win32_1.1.0.202410251130/tools/bin/../lib/gcc/arm-none-eabi/12.3.1/thumb/v7-m/nofp\libgcc.a(_arm_muldivsf3.o)
 .debug_frame   0x00003b54       0xc8 C:/ST/STM32CubeIDE_1.17.0/STM32CubeIDE/plugins/com.st.stm32cube.ide.mcu.externaltools.gnu-tools-for-stm32.12.3.rel1.win32_1.1.0.202410251130/tools/bin/../lib/gcc/arm-none-eabi/12.3.1/thumb/v7-m/nofp\libgcc.a(_arm_cmpsf2.o)
 .debug_frame   0x00003c1c       0x24 C:/ST/STM32CubeIDE_1.17.0/STM32CubeIDE/plugins/com.st.stm32cube.ide.mcu.externaltools.gnu-tools-for-stm32.12.3.rel1.win32_1.1.0.202410251130/tools/bin/../lib/gcc/arm-none-eabi/12.3.1/thumb/v7-m/nofp\libgcc.a(_arm_fixsfsi.o)

.debug_line_str
                0x00000000       0x70
 .debug_line_str
                0x00000000       0x70 Core\Startup\startup_stm32f103c8tx.o
